// Jest Snapshot v1, https://goo.gl/fbAQLP

exports[`TaskList Component should display the list of tasks 1`] = `
<div>
  <WithStyles(Typography)
    paragraph={true}
    variant="display1"
  >
    Aufgabenliste
  </WithStyles(Typography)>
  <Card
    className="TaskList-task-3"
    key="2"
    raised={false}
  >
    <WithStyles(CardContent)>
      <Link
        replace={false}
        style={
          Object {
            "textDecoration": "none",
          }
        }
        to="/prs/2"
      >
        <WithStyles(Typography)
          component="h2"
          variant="headline"
        >
          Test title 2
        </WithStyles(Typography)>
        <WithStyles(Typography)
          component="p"
        >
          Test Description 2
        </WithStyles(Typography)>
        <Deadline
          deadline="2017-12-31"
        />
      </Link>
    </WithStyles(CardContent)>
    <WithStyles(CardActions)>
      <WithStyles(Button)
        className="TaskList-button-1"
        color="primary"
        onClick={[Function]}
      >
        <Hidden
          implementation="js"
          lgDown={false}
          lgUp={false}
          mdDown={false}
          mdUp={false}
          smDown={true}
          smUp={false}
          xlDown={false}
          xlUp={false}
          xsDown={false}
          xsUp={false}
        >
          Als erledigt markieren
        </Hidden>
        <WithStyles(Icon)
          className="TaskList-rightIcon-2"
        >
          check
        </WithStyles(Icon)>
      </WithStyles(Button)>
    </WithStyles(CardActions)>
  </Card>
</div>
`;
