// Jest Snapshot v1, https://goo.gl/fbAQLP

exports[`Attendee renders appointments if show is set to true. 1`] = `
<Fragment>
  <div
    id="appointmentDiv15.5_10:45-16:15"
    key="appointmentDiv15.5_10:45-16:15-0"
    style={
      Object {
        "height": "50%",
        "left": "15.5%",
        "top": "25%",
      }
    }
  />
  <div
    id="appointmentDiv15.5_10:45-16:15"
    key="appointmentDiv15.5_10:45-16:15-1"
    style={
      Object {
        "height": "50%",
        "left": "15.5%",
        "top": "25%",
      }
    }
  />
</Fragment>
`;
