// Jest Snapshot v1, https://goo.gl/fbAQLP

exports[`MeetingDetailsView should match snapshot 1`] = `
<div
  className="MeetingDetailsView-meetingView-4"
>
  <WithStyles(Typography)
    gutterBottom={true}
    variant="display1"
  >
    Termindetails
  </WithStyles(Typography)>
  <WithStyles(List)>
    <WithStyles(ListItem)
      id="date"
    >
      <WithStyles(ListItemIcon)>
        <pure(Today) />
      </WithStyles(ListItemIcon)>
      <WithStyles(ListItemText)
        primary="06.08.2018"
      />
    </WithStyles(ListItem)>
    <WithStyles(ListItem)
      id="startAndEndTime"
    >
      <WithStyles(ListItemIcon)>
        <pure(Schedule) />
      </WithStyles(ListItemIcon)>
      <WithStyles(ListItemText)
        primary="09:51 - 10:51"
      />
    </WithStyles(ListItem)>
    <WithStyles(ListItem)
      id="location"
    >
      <WithStyles(ListItemIcon)>
        <pure(LocationOn) />
      </WithStyles(ListItemIcon)>
      <WithStyles(ListItemText)
        primary="Test"
      />
    </WithStyles(ListItem)>
    <WithStyles(ListItem)
      button={true}
      onClick={[Function]}
    >
      <WithStyles(ListItemIcon)>
        <pure(People) />
      </WithStyles(ListItemIcon)>
      <WithStyles(ListItemText)
        primary="Benötigte Teilnehmer"
      />
      <pure(ExpandLess) />
    </WithStyles(ListItem)>
    <WithStyles(Collapse)
      in={true}
      timeout="auto"
      unmountOnExit={true}
    >
      <WithStyles(List)
        component="div"
        dense={true}
        disablePadding={true}
        id="requiredAttendees"
      >
        <WithStyles(ListItem)
          className="MeetingDetailsView-nested-3"
          key="test.pr.mitarbeiter2@senacor.com"
        >
          <WithStyles(ListItemIcon)>
            <pure(Person) />
          </WithStyles(ListItemIcon)>
          <WithStyles(ListItemText)
            inset={true}
            primary="PR Mitarbeiter2 <test.pr.mitarbeiter2@senacor.com>"
            secondary="Status: Abgelehnt"
          />
        </WithStyles(ListItem)>
      </WithStyles(List)>
    </WithStyles(Collapse)>
  </WithStyles(List)>
</div>
`;
