// Jest Snapshot v1, https://goo.gl/fbAQLP

exports[`MeetingCreatorForm should match snapshot 1`] = `
<React.Fragment>
  <WithStyles(Typography)
    gutterBottom={true}
    variant="display1"
  >
    Terminfindung
  </WithStyles(Typography)>
  <WithStyles(Grid)
    container={true}
    direction="column"
    id="tableRolePick"
    spacing={24}
  >
    <WithStyles(Grid)
      item={true}
    >
      <Connect(WithStyles(MeetingCreatorForm))
        fetchAppointments={[Function]}
        prById={
          Object {
            "_links": Object {
              "self": Object {
                "href": "http://localhost:8010/api/v1/prs/1",
              },
            },
            "dateOfLastPr": "2019-08-30",
            "deadline": "2019-03-14",
            "employee": Object {
              "dateOfLastPr": "2019-03-14",
              "firstName": "Max",
              "id": 1,
              "lastName": "Mustermann",
              "login": "mmustermann",
            },
            "id": 1,
            "occasion": "ON_DEMAND",
            "statuses": Array [
              "FILLED_SHEET_EMPLOYEE",
              "FILLED_SHEET_REVIEWER",
            ],
            "supervisor": Object {
              "firstName": "Michaela",
              "id": 3,
              "lastName": "Mitarbeiterin",
              "login": "test.pr.mitarbeiter1",
            },
          }
        }
      />
    </WithStyles(Grid)>
    <WithStyles(Grid)
      item={true}
    >
      <WithStyles(Grid)
        container={true}
        direction="column"
      >
        <WithStyles(Grid)
          item={true}
          key="employee"
        >
          <PersonToggle
            displayName="mmustermann"
            displayRole="Ich"
            onChange={[Function]}
            showAttendee={true}
          />
        </WithStyles(Grid)>
        <WithStyles(Grid)
          item={true}
          key="supervisor"
        >
          <PersonToggle
            displayName="test.pr.mitarbeiter1"
            displayRole="Vorgesetzter"
            onChange={[Function]}
            showAttendee={true}
          />
        </WithStyles(Grid)>
      </WithStyles(Grid)>
    </WithStyles(Grid)>
    <WithStyles(Grid)
      item={true}
    >
      <WithStyles(TimeTable) />
    </WithStyles(Grid)>
  </WithStyles(Grid)>
</React.Fragment>
`;
