// Jest Snapshot v1, https://goo.gl/fbAQLP

exports[`MeetingCreatorForm should match snapshot 1`] = `
<div>
  <WithStyles(DateTimePicker)
    date="2018-01-01"
    endTime="10:30"
    onDateTimeChange={[Function]}
    startTime="09:30"
  />
  <form
    autoComplete="off"
    className="MeetingCreatorForm-container-1"
    noValidate={true}
  >
    <TextField
      id="location"
      label="Ort"
      margin="normal"
      onChange={[Function]}
      required={false}
      select={false}
      value=""
      variant="standard"
    />
    <CheckRequiredClick
      check={[Function]}
      message="Die Startzeit liegt nach der Endzeit des Termins."
      onClick={[Function]}
    >
      <WithStyles(PrStatusActionButton)
        inputClass="MeetingCreatorForm-buttonPosition-3"
        label="Termin erstellen"
      />
    </CheckRequiredClick>
  </form>
</div>
`;
