// Jest Snapshot v1, https://goo.gl/fbAQLP

exports[`PersonToggle should match snapshot 1`] = `
<PersonToggle
  classes={
    Object {
      "bar": "PersonToggle-bar-7",
      "colorSwitchBaseEmployee": "PersonToggle-colorSwitchBaseEmployee-2",
      "colorSwitchBaseEmployeeOff": "PersonToggle-colorSwitchBaseEmployeeOff-5",
      "colorSwitchBaseReviewer": "PersonToggle-colorSwitchBaseReviewer-1",
      "colorSwitchBaseReviewerOff": "PersonToggle-colorSwitchBaseReviewerOff-4",
      "colorSwitchBaseSupervisor": "PersonToggle-colorSwitchBaseSupervisor-3",
      "colorSwitchBaseSupervisorOff": "PersonToggle-colorSwitchBaseSupervisorOff-6",
    }
  }
  displayName="Michaela Mitarbeiterin"
  displayRole="Mitarbeiter"
  showAttendee={true}
/>
`;
