// Jest Snapshot v1, https://goo.gl/fbAQLP

exports[`PersonToggle should match snapshot 1`] = `
<PersonToggle
  classes={
    Object {
      "colorSwitchBaseEmployee": "PersonToggle-colorSwitchBaseEmployee-2",
      "colorSwitchBaseReviewer": "PersonToggle-colorSwitchBaseReviewer-1",
      "colorSwitchBaseSupervisor": "PersonToggle-colorSwitchBaseSupervisor-3",
    }
  }
  displayName="Michaela Mitarbeiterin"
  displayRole="Mitarbeiter"
  showAttendee={true}
/>
`;
