// Jest Snapshot v1, https://goo.gl/fbAQLP

exports[`PersonToggle should match snapshot 1`] = `
<Component
  classes={
    Object {
      "bar": "Component-bar-7",
      "colorSwitchBaseEmployee": "Component-colorSwitchBaseEmployee-2",
      "colorSwitchBaseEmployeeOff": "Component-colorSwitchBaseEmployeeOff-5",
      "colorSwitchBaseReviewer": "Component-colorSwitchBaseReviewer-1",
      "colorSwitchBaseReviewerOff": "Component-colorSwitchBaseReviewerOff-4",
      "colorSwitchBaseSupervisor": "Component-colorSwitchBaseSupervisor-3",
      "colorSwitchBaseSupervisorOff": "Component-colorSwitchBaseSupervisorOff-6",
    }
  }
  displayName="Michaela Mitarbeiterin"
  displayRole="Mitarbeiter"
  showAttendee={true}
/>
`;
