// Jest Snapshot v1, https://goo.gl/fbAQLP

exports[`SchedulingView should match snapshot 1`] = `
<div
  id="outer"
>
  <React.Fragment>
    <WithStyles(Typography)
      gutterBottom={true}
      variant="display1"
    >
      Terminfindung
    </WithStyles(Typography)>
    <WithStyles(Grid)
      container={true}
      direction="column"
      id="tableRolePick"
      spacing={24}
    >
      <WithStyles(Grid)
        item={true}
      >
        <Connect(WithStyles(MeetingCreatorForm))
          fetchAppointments={[Function]}
          prById={
            Object {
              "employee": Object {
                "firstName": "Michaela",
                "id": 2,
                "lastName": "Mitarbeiterin",
                "login": "test.pr.mitarbeiter1",
              },
              "id": 1,
              "supervisor": Object {
                "firstName": "Volker",
                "id": 1,
                "lastName": "Vorgesetzter",
                "login": "test.pr.vorgesetzter",
              },
            }
          }
        />
      </WithStyles(Grid)>
      <WithStyles(Grid)
        item={true}
      >
        <WithStyles(Grid)
          container={true}
          direction="column"
        >
          <WithStyles(Grid)
            item={true}
            key="employee"
          >
            <PersonToggle
              displayName="test.pr.mitarbeiter1"
              displayRole="Ich"
              onChange={[Function]}
              showAttendee={false}
            />
          </WithStyles(Grid)>
          <WithStyles(Grid)
            item={true}
            key="supervisor"
          >
            <PersonToggle
              displayName="test.pr.vorgesetzter"
              displayRole="Vorgesetzter"
              onChange={[Function]}
              showAttendee={false}
            />
          </WithStyles(Grid)>
        </WithStyles(Grid)>
      </WithStyles(Grid)>
      <WithStyles(Grid)
        item={true}
      >
        <WithStyles(TimeTable) />
      </WithStyles(Grid)>
    </WithStyles(Grid)>
  </React.Fragment>
</div>
`;
