// Jest Snapshot v1, https://goo.gl/fbAQLP

exports[`MyPRList Component displays the MyPRList 1`] = `
<div>
  <WithStyles(Typography)
    paragraph={true}
    variant="display1"
  >
    Performance Reviews
  </WithStyles(Typography)>
  <WithStyles(Button)
    id="sortButton"
    onClick={[Function]}
    variant="outlined"
  >
    Datum
    <WithStyles(Icon)>
      arrow_upward
    </WithStyles(Icon)>
  </WithStyles(Button)>
  <WithStyles(Select)
    className="MyPRList-buttonDesktop-5"
    displayEmpty={true}
    name="Reviewer"
    onChange={[Function]}
    value="ALL"
  >
    <WithStyles(MenuItem)
      value="ALL"
    >
      <div
        className="MyPRList-filterDesktop-6"
      >
        Alle
      </div>
    </WithStyles(MenuItem)>
    <WithStyles(MenuItem)
      key="ttran"
      value="ttran"
    >
      <div
        className="MyPRList-filterDesktop-6"
      >
        ttran
      </div>
    </WithStyles(MenuItem)>
    <WithStyles(MenuItem)
      key="test"
      value="test"
    >
      <div
        className="MyPRList-filterDesktop-6"
      >
        test
      </div>
    </WithStyles(MenuItem)>
  </WithStyles(Select)>
  <WithStyles(Select)
    className="MyPRList-buttonDesktop-5"
    displayEmpty={true}
    name="Occasion"
    onChange={[Function]}
    value="ALL"
  >
    <WithStyles(MenuItem)
      value="ALL"
    >
      <div
        className="MyPRList-filterDesktop-6"
      >
        Alle
      </div>
    </WithStyles(MenuItem)>
    <WithStyles(MenuItem)
      key="ON_DEMAND"
      value="ON_DEMAND"
    >
      <div
        className="MyPRList-filterDesktop-6"
      >
        Auf Nachfrage
      </div>
    </WithStyles(MenuItem)>
    <WithStyles(MenuItem)
      key="YEARLY"
      value="YEARLY"
    >
      <div
        className="MyPRList-filterDesktop-6"
      >
        jährlich
      </div>
    </WithStyles(MenuItem)>
    <WithStyles(MenuItem)
      key="QUARTERLY"
      value="QUARTERLY"
    >
      <div
        className="MyPRList-filterDesktop-6"
      >
        vierteljährlich
      </div>
    </WithStyles(MenuItem)>
    <WithStyles(MenuItem)
      key="END_PROBATION"
      value="END_PROBATION"
    >
      <div
        className="MyPRList-filterDesktop-6"
      >
        Ende der Probezeit
      </div>
    </WithStyles(MenuItem)>
  </WithStyles(Select)>
  <Hidden
    implementation="js"
    lgDown={false}
    lgUp={false}
    mdDown={false}
    mdUp={false}
    smDown={true}
    smUp={false}
    xlDown={false}
    xlUp={false}
    xsDown={false}
    xsUp={false}
  >
    <WithStyles(Button)
      className="MyPRList-buttonDesktop-5"
      onClick={[Function]}
      variant="raised"
    >
      PR beantragen
      <WithStyles(Icon)>
        add
      </WithStyles(Icon)>
    </WithStyles(Button)>
  </Hidden>
  <Hidden
    implementation="js"
    lgDown={false}
    lgUp={false}
    mdDown={false}
    mdUp={false}
    smDown={true}
    smUp={false}
    xlDown={false}
    xlUp={false}
    xsDown={false}
    xsUp={false}
  >
    <div
      className="MyPRList-container-1"
    >
      <div
        className="MyPRList-root-2"
      >
        <WithStyles(Button)
          className="MyPRList-buttonList-19"
          key="1"
          onClick={[Function]}
        >
          <WithStyles(List)
            className="MyPRList-openList-8"
          >
            <WithStyles(MyPRListItem)
              deadline="2015-05-11"
              occasion="jährlich"
              reviewer="ttran"
              status="In Vorbereitung"
            />
          </WithStyles(List)>
        </WithStyles(Button)>
        <WithStyles(Button)
          className="MyPRList-buttonList-19"
          key="2"
          onClick={[Function]}
        >
          <WithStyles(List)
            className="MyPRList-list-7"
          >
            <WithStyles(MyPRListItem)
              deadline="2222-05-11"
              occasion="Auf Nachfrage"
              reviewer="test"
              status="In Vorbereitung"
            />
          </WithStyles(List)>
        </WithStyles(Button)>
      </div>
      <div
        className="MyPRList-cardContainerRow-16"
      >
        <WithStyles(Card)
          className="MyPRList-cardColumnSheet-17"
        >
          <WithStyles(Typography)
            className="MyPRList-title-15"
            variant="body2"
          >
            SHEET
          </WithStyles(Typography)>
          <Connect(WithStyles(PrSheet))
            key="1"
            prById={
              Object {
                "_links": Object {
                  "self": Object {
                    "href": "http://localhost:8010/api/v1/prs/1",
                  },
                },
                "deadline": "2015-05-11",
                "employee": Object {
                  "email": "lionel.schäfer@senacor.com",
                  "employment": Object {
                    "endOfProbationPeriod": "2004-05-10",
                    "jobGradings": Array [
                      Object {
                        "competence": "DEVELOPMENT",
                        "positionId": 1,
                        "salaryLevel": 1,
                        "validFrom": "2004-05-09",
                      },
                      Object {
                        "competence": "DEVELOPMENT",
                        "positionId": 2,
                        "salaryLevel": 2,
                        "validFrom": "2005-05-09",
                      },
                    ],
                    "leaves": Object {
                      "maternityLeave": Array [
                        Object {
                          "from": "2004-05-10",
                          "to": "2004-10-11",
                        },
                      ],
                      "parentalLeave": Array [
                        Object {
                          "from": "2004-05-10",
                          "to": "2004-08-28",
                        },
                      ],
                      "sabbatical": Array [
                        Object {
                          "from": "2004-05-10",
                          "to": "2004-06-07",
                        },
                        Object {
                          "from": "2004-05-10",
                          "to": "2005-02-10",
                        },
                        Object {
                          "from": "2004-05-10",
                          "to": "2005-03-26",
                        },
                      ],
                      "unpaidLeave": Array [
                        Object {
                          "from": "2004-05-10",
                          "to": "2005-03-31",
                        },
                      ],
                    },
                  },
                  "entryDate": "2004-05-10",
                  "firstName": "Lionel",
                  "id": 1,
                  "lastName": "Schäfer",
                  "login": "lschäfer",
                  "salaries": Array [
                    Object {
                      "basicSalary": 40500,
                      "fte": 1,
                      "ote": 45000,
                      "validFrom": "2004-05-10",
                      "workingHoursPerWeek": 40,
                    },
                    Object {
                      "basicSalary": 40000,
                      "fte": 1,
                      "ote": 50000,
                      "validFrom": "2005-05-10",
                      "workingHoursPerWeek": 40,
                    },
                  ],
                  "title": "DR",
                },
                "id": 1,
                "occasion": "YEARLY",
                "status": "PREPARATION",
                "supervisor": "ttran",
              }
            }
          />
        </WithStyles(Card)>
        <div
          className="MyPRList-cardContainerColumn-18"
        >
          <WithStyles(Card)
            className="MyPRList-cardColumn-14"
          >
            <WithStyles(Typography)
              className="MyPRList-title-15"
              variant="body2"
            >
              GEHALT UND ANSTELLUNG
            </WithStyles(Typography)>
            <WithStyles(PrSalary)
              prById={
                Object {
                  "_links": Object {
                    "self": Object {
                      "href": "http://localhost:8010/api/v1/prs/1",
                    },
                  },
                  "deadline": "2015-05-11",
                  "employee": Object {
                    "email": "lionel.schäfer@senacor.com",
                    "employment": Object {
                      "endOfProbationPeriod": "2004-05-10",
                      "jobGradings": Array [
                        Object {
                          "competence": "DEVELOPMENT",
                          "positionId": 1,
                          "salaryLevel": 1,
                          "validFrom": "2004-05-09",
                        },
                        Object {
                          "competence": "DEVELOPMENT",
                          "positionId": 2,
                          "salaryLevel": 2,
                          "validFrom": "2005-05-09",
                        },
                      ],
                      "leaves": Object {
                        "maternityLeave": Array [
                          Object {
                            "from": "2004-05-10",
                            "to": "2004-10-11",
                          },
                        ],
                        "parentalLeave": Array [
                          Object {
                            "from": "2004-05-10",
                            "to": "2004-08-28",
                          },
                        ],
                        "sabbatical": Array [
                          Object {
                            "from": "2004-05-10",
                            "to": "2004-06-07",
                          },
                          Object {
                            "from": "2004-05-10",
                            "to": "2005-02-10",
                          },
                          Object {
                            "from": "2004-05-10",
                            "to": "2005-03-26",
                          },
                        ],
                        "unpaidLeave": Array [
                          Object {
                            "from": "2004-05-10",
                            "to": "2005-03-31",
                          },
                        ],
                      },
                    },
                    "entryDate": "2004-05-10",
                    "firstName": "Lionel",
                    "id": 1,
                    "lastName": "Schäfer",
                    "login": "lschäfer",
                    "salaries": Array [
                      Object {
                        "basicSalary": 40500,
                        "fte": 1,
                        "ote": 45000,
                        "validFrom": "2004-05-10",
                        "workingHoursPerWeek": 40,
                      },
                      Object {
                        "basicSalary": 40000,
                        "fte": 1,
                        "ote": 50000,
                        "validFrom": "2005-05-10",
                        "workingHoursPerWeek": 40,
                      },
                    ],
                    "title": "DR",
                  },
                  "id": 1,
                  "occasion": "YEARLY",
                  "status": "PREPARATION",
                  "supervisor": "ttran",
                }
              }
            />
            <WithStyles(PrEmployment)
              prById={
                Object {
                  "_links": Object {
                    "self": Object {
                      "href": "http://localhost:8010/api/v1/prs/1",
                    },
                  },
                  "deadline": "2015-05-11",
                  "employee": Object {
                    "email": "lionel.schäfer@senacor.com",
                    "employment": Object {
                      "endOfProbationPeriod": "2004-05-10",
                      "jobGradings": Array [
                        Object {
                          "competence": "DEVELOPMENT",
                          "positionId": 1,
                          "salaryLevel": 1,
                          "validFrom": "2004-05-09",
                        },
                        Object {
                          "competence": "DEVELOPMENT",
                          "positionId": 2,
                          "salaryLevel": 2,
                          "validFrom": "2005-05-09",
                        },
                      ],
                      "leaves": Object {
                        "maternityLeave": Array [
                          Object {
                            "from": "2004-05-10",
                            "to": "2004-10-11",
                          },
                        ],
                        "parentalLeave": Array [
                          Object {
                            "from": "2004-05-10",
                            "to": "2004-08-28",
                          },
                        ],
                        "sabbatical": Array [
                          Object {
                            "from": "2004-05-10",
                            "to": "2004-06-07",
                          },
                          Object {
                            "from": "2004-05-10",
                            "to": "2005-02-10",
                          },
                          Object {
                            "from": "2004-05-10",
                            "to": "2005-03-26",
                          },
                        ],
                        "unpaidLeave": Array [
                          Object {
                            "from": "2004-05-10",
                            "to": "2005-03-31",
                          },
                        ],
                      },
                    },
                    "entryDate": "2004-05-10",
                    "firstName": "Lionel",
                    "id": 1,
                    "lastName": "Schäfer",
                    "login": "lschäfer",
                    "salaries": Array [
                      Object {
                        "basicSalary": 40500,
                        "fte": 1,
                        "ote": 45000,
                        "validFrom": "2004-05-10",
                        "workingHoursPerWeek": 40,
                      },
                      Object {
                        "basicSalary": 40000,
                        "fte": 1,
                        "ote": 50000,
                        "validFrom": "2005-05-10",
                        "workingHoursPerWeek": 40,
                      },
                    ],
                    "title": "DR",
                  },
                  "id": 1,
                  "occasion": "YEARLY",
                  "status": "PREPARATION",
                  "supervisor": "ttran",
                }
              }
            />
          </WithStyles(Card)>
          <WithStyles(Card)
            className="MyPRList-cardColumn-14"
          >
            <WithStyles(Typography)
              className="MyPRList-title-15"
              variant="body2"
            >
              STATUS
            </WithStyles(Typography)>
            <WithStyles(PrState) />
          </WithStyles(Card)>
        </div>
      </div>
    </div>
  </Hidden>
  <Hidden
    implementation="js"
    lgDown={false}
    lgUp={false}
    mdDown={false}
    mdUp={false}
    smDown={false}
    smUp={true}
    xlDown={false}
    xlUp={false}
    xsDown={false}
    xsUp={false}
  >
    <Link
      key="1"
      replace={false}
      style={
        Object {
          "textDecoration": "none",
        }
      }
      to="/prs/1"
    >
      <WithStyles(List)
        className="MyPRList-list-7"
      >
        <WithStyles(MyPRListItem)
          deadline="2015-05-11"
          occasion="jährlich"
          reviewer="ttran"
          status="In Vorbereitung"
        />
      </WithStyles(List)>
    </Link>
    <Link
      key="2"
      replace={false}
      style={
        Object {
          "textDecoration": "none",
        }
      }
      to="/prs/2"
    >
      <WithStyles(List)
        className="MyPRList-list-7"
      >
        <WithStyles(MyPRListItem)
          deadline="2222-05-11"
          occasion="Auf Nachfrage"
          reviewer="test"
          status="In Vorbereitung"
        />
      </WithStyles(List)>
    </Link>
  </Hidden>
  <Hidden
    implementation="js"
    lgDown={false}
    lgUp={false}
    mdDown={false}
    mdUp={false}
    smDown={false}
    smUp={true}
    xlDown={false}
    xlUp={false}
    xsDown={false}
    xsUp={false}
  >
    <WithStyles(Button)
      aria-label="add"
      className="MyPRList-buttonMobile-3"
      color="primary"
      onClick={[Function]}
      variant="fab"
    >
      <pure(Add)
        className="MyPRList-icon-4"
      />
    </WithStyles(Button)>
  </Hidden>
</div>
`;
