// Jest Snapshot v1, https://goo.gl/fbAQLP

exports[`Pr Component displays the pr 1`] = `
<div>
  <div
    className="Pr-detailPanel-4"
  >
    <div
      className="Pr-container-2"
    >
      <WithStyles(Avatar)
        alt="Employee"
        className="Pr-avatar-1"
        src="/supervisor.jpg"
      />
      <WithStyles(Typography)
        className="Pr-typography-3"
        component="div"
      >
        <div>
          Performance Review
        </div>
        <div>
          Employee1
        </div>
        <div>
          Auf Nachfrage
        </div>
      </WithStyles(Typography)>
    </div>
    <WithStyles(Tabs)
      className="Pr-tabsColor-5"
      fullWidth={true}
      indicatorColor="#FFA07A"
      onChange={[Function]}
      value={0}
    >
      <WithStyles(Tab)
        label="STATUS"
      />
      <WithStyles(Tab)
        label="ANSTELLUNG"
      />
      <WithStyles(Tab)
        label="GEHALT"
      />
    </WithStyles(Tabs)>
  </div>
  <WithStyles(PrState)
    expanded={false}
  />
</div>
`;
