// Jest Snapshot v1, https://goo.gl/fbAQLP

exports[`Pr Component displays the pr 1`] = `
<div>
  <div
    className="Pr-detailPanel-6"
  >
    <div
      className="Pr-container-2"
    >
      <WithStyles(Avatar)
        alt="Employee"
        className="Pr-avatar-1"
        src="/supervisor.jpg"
      />
      <WithStyles(Typography)
        className="Pr-typography-4"
        component="div"
      >
        <div>
          PERFORMANCE REVIEW
        </div>
        <div>
          Auf Nachfrage
        </div>
      </WithStyles(Typography)>
    </div>
    <Hidden
      implementation="js"
      lgDown={false}
      lgUp={false}
      mdDown={false}
      mdUp={false}
      smDown={false}
      smUp={true}
      xlDown={false}
      xlUp={false}
      xsDown={false}
      xsUp={false}
    >
      <WithStyles(Tabs)
        className="Pr-tabsColor-5"
        indicatorColor="#FFA07A"
        onChange={[Function]}
        scrollButtons="auto"
        scrollable={true}
        value={0}
      >
        <WithStyles(Tab)
          className="Pr-label-7"
          label="STATUS"
        />
        <WithStyles(Tab)
          className="Pr-label-7"
          label="ANSTELLUNG"
        />
        <WithStyles(Tab)
          className="Pr-label-7"
          label="GEHALT"
        />
        <WithStyles(Tab)
          className="Pr-label-7"
          label="SHEET"
        />
      </WithStyles(Tabs)>
    </Hidden>
  </div>
  <Hidden
    implementation="js"
    lgDown={false}
    lgUp={false}
    mdDown={false}
    mdUp={false}
    smDown={false}
    smUp={true}
    xlDown={false}
    xlUp={false}
    xsDown={false}
    xsUp={false}
  >
    <WithStyles(PrState)
      expanded={false}
    />
  </Hidden>
  <Hidden
    implementation="js"
    lgDown={false}
    lgUp={false}
    mdDown={false}
    mdUp={false}
    smDown={true}
    smUp={false}
    xlDown={false}
    xlUp={false}
    xsDown={false}
    xsUp={false}
  >
    <div
      className="Pr-cardContainerRow-9"
    >
      <Card
        className="Pr-cardColumnSheet-10"
        raised={false}
      >
        <WithStyles(CardHeader)
          className="Pr-cardHeader-12"
          title="Sheet"
        />
        <PrSheet />
      </Card>
      <Card
        className="Pr-cardColumn-11"
        raised={false}
      >
        <WithStyles(CardHeader)
          className="Pr-cardHeader-12"
          title="Status"
        />
        <WithStyles(PrState)
          expanded={false}
        />
      </Card>
      <Card
        className="Pr-cardColumn-11"
        raised={false}
      >
        <WithStyles(CardHeader)
          className="Pr-cardHeader-12"
          title="Anstellung und Gehalt"
        />
        <WithStyles(PrSalary)
          prById={
            Object {
              "_links": Object {
                "self": Object {
                  "href": "/api/v1/prs/1",
                },
              },
              "employee": "Employee1",
              "id": 1,
              "occasion": "ON_DEMAND",
              "supervisor": "ttran",
            }
          }
        />
      </Card>
    </div>
  </Hidden>
</div>
`;
