// Jest Snapshot v1, https://goo.gl/fbAQLP

exports[`Pr Component displays the pr 1`] = `
<div>
  <div
    className="Pr-detailPanel-6"
  >
    <div
      className="Pr-container-2"
    >
      <WithStyles(Avatar)
        alt="Employee"
        className="Pr-avatar-1"
        src="/supervisor.jpg"
      />
      <WithStyles(Typography)
        className="Pr-typography-5"
        component="div"
      >
        <div>
          Performance Review
        </div>
        <div>
          Employee1
        </div>
        <div>
          Auf Nachfrage
        </div>
      </WithStyles(Typography)>
    </div>
    <WithStyles(Tabs)
      className="Pr-tabsColor-8"
      fullWidth={true}
      indicatorColor="#FFA07A"
      onChange={[Function]}
      value={0}
    >
      <WithStyles(Tab)
        label="STATUS"
      />
      <WithStyles(Tab)
        label="ANSTELLUNG"
      />
      <WithStyles(Tab)
        label="GEHALT"
      />
    </WithStyles(Tabs)>
  </div>
  <div>
    <WithStyles(ExpansionPanel)
      expanded={false}
      onChange={[Function]}
    >
      <WithStyles(ExpansionPanelSummary)
        expandIcon={<pure(ExpandMore) />}
      >
        <WithStyles(Typography)
          className="Pr-heading-9"
        >
          Vorbereitung
           
        </WithStyles(Typography)>
        <WithStyles(Typography)
          className="Pr-secondaryHeading-10"
        >
          1/3 erledigt
        </WithStyles(Typography)>
      </WithStyles(ExpansionPanelSummary)>
      <WithStyles(Divider) />
      <WithStyles(ExpansionPanelDetails)
        className="Pr-expansionPanel-7"
      >
        <div
          className="Pr-containerVertical-3"
        >
          <WithStyles(List)>
            <WithStyles(ListItem)>
              <WithStyles(ListItemText)
                primary="Bogen ausfüllen"
              />
            </WithStyles(ListItem)>
          </WithStyles(List)>
          <WithStyles(List)
            className="Pr-greyBox-4"
          >
            <WithStyles(ListItem)
              button={true}
              disabled={true}
            >
              <WithStyles(ListItemText)
                primary="Mitarbeiter"
              />
            </WithStyles(ListItem)>
            <WithStyles(ListItem)
              button={true}
              disabled={true}
            >
              <WithStyles(ListItemText)
                secondary="Terminierung"
              />
            </WithStyles(ListItem)>
            <WithStyles(ListItem)
              button={true}
              disabled={true}
            >
              <WithStyles(ListItemText)
                secondary="Bogen ausfüllen"
              />
            </WithStyles(ListItem)>
          </WithStyles(List)>
        </div>
      </WithStyles(ExpansionPanelDetails)>
    </WithStyles(ExpansionPanel)>
    <WithStyles(ExpansionPanel)
      expanded={false}
      onChange={[Function]}
    >
      <WithStyles(ExpansionPanelSummary)
        expandIcon={<pure(ExpandMore) />}
      >
        <WithStyles(Typography)
          className="Pr-heading-9"
        >
          In Durchführung
        </WithStyles(Typography)>
        <WithStyles(Typography)
          className="Pr-secondaryHeading-10"
        >
          0/1 erledigt
           
        </WithStyles(Typography)>
      </WithStyles(ExpansionPanelSummary)>
      <WithStyles(Divider) />
      <WithStyles(ExpansionPanelDetails)>
        <WithStyles(Typography)>
          Panel 2
        </WithStyles(Typography)>
      </WithStyles(ExpansionPanelDetails)>
    </WithStyles(ExpansionPanel)>
    <WithStyles(ExpansionPanel)
      expanded={false}
      onChange={[Function]}
    >
      <WithStyles(ExpansionPanelSummary)
        expandIcon={<pure(ExpandMore) />}
      >
        <WithStyles(Typography)
          className="Pr-heading-9"
        >
          Nachbereitung
        </WithStyles(Typography)>
        <WithStyles(Typography)
          className="Pr-secondaryHeading-10"
        >
          0/2 erledigt
           
        </WithStyles(Typography)>
      </WithStyles(ExpansionPanelSummary)>
      <WithStyles(Divider) />
      <WithStyles(ExpansionPanelDetails)>
        <WithStyles(Typography)>
          Panel 3
        </WithStyles(Typography)>
      </WithStyles(ExpansionPanelDetails)>
    </WithStyles(ExpansionPanel)>
  </div>
</div>
`;
