// Jest Snapshot v1, https://goo.gl/fbAQLP

exports[`PrAdvancementStrategies Component displays the PrAdvancementStrategies 1`] = `
<WithStyles(List)>
  <WithStyles(ListItem)>
    <WithStyles(Grid)
      container={true}
      direction="column"
    >
      <WithStyles(Grid)
        item={true}
        lg={12}
        md={12}
        sm={12}
        xl={12}
        xs={12}
      >
        <PrTextField
          fieldId="advancementStrategiees"
          helperText="Bezüglich Rolle, Projekteinsatz, Potential Case und Opportunity Window"
          label="Maßnahmen und Empfehlung (optional)"
          onChange={[Function]}
          state="DISABLED"
          value=""
        />
      </WithStyles(Grid)>
    </WithStyles(Grid)>
  </WithStyles(ListItem)>
</WithStyles(List)>
`;

exports[`PrAdvancementStrategies Component displays the text writeable for the reviewer 1`] = `
<WithStyles(List)>
  <WithStyles(ListItem)>
    <WithStyles(Grid)
      container={true}
      direction="column"
    >
      <WithStyles(Grid)
        item={true}
        lg={12}
        md={12}
        sm={12}
        xl={12}
        xs={12}
      >
        <PrTextField
          fieldId="advancementStrategiees"
          helperText="Bezüglich Rolle, Projekteinsatz, Potential Case und Opportunity Window"
          label="Maßnahmen und Empfehlung (optional)"
          onChange={[Function]}
          state="DISABLED"
          value=""
        />
      </WithStyles(Grid)>
    </WithStyles(Grid)>
  </WithStyles(ListItem)>
</WithStyles(List)>
`;
