// Jest Snapshot v1, https://goo.gl/fbAQLP

exports[`PRList Component displays the list of prs 1`] = `
<div>
  <WithStyles(Typography)
    paragraph={true}
    variant="display1"
  >
    Performance Reviews
  </WithStyles(Typography)>
  <div
    className="PRList-container-1"
  >
    <WithStyles(Card)
      className="PRList-prs-2"
      key="2"
    >
      <WithStyles(CardMedia)
        className="PRList-media-3"
        image="/supervisor.jpg"
        title="Supervisor picture"
      />
      <div
        style={
          Object {
            "display": "flex",
            "flexDirection": "column",
            "width": "60%",
          }
        }
      >
        <WithStyles(CardContent)
          className="PRList-content-7"
        >
          <WithStyles(Typography)
            variant="display1"
          />
          <WithStyles(Typography)
            color="textSecondary"
            variant="subheading"
          >
            Performance Review
          </WithStyles(Typography)>
          <div
            className="PRList-controls-4"
            style={
              Object {
                "visibility": "hidden",
              }
            }
          >
            <WithStyles(Icon)
              className="PRList-mediaIcon-5"
            >
              face
            </WithStyles(Icon)>
            <WithStyles(Typography)
              color="textSecondary"
              gutterBottom={true}
              noWrap={true}
            />
          </div>
          <div
            className="PRList-controls-4"
          >
            <WithStyles(Icon)
              className="PRList-mediaIcon-5"
            >
              linear_scale
            </WithStyles(Icon)>
            <WithStyles(Typography)
              color="textSecondary"
              gutterBottom={true}
              noWrap={true}
            >
              In Vorbereitung
            </WithStyles(Typography)>
          </div>
          <div
            className="PRList-controls-4"
          >
            <WithStyles(Icon)
              className="PRList-mediaIcon-5"
            >
              event_note
            </WithStyles(Icon)>
            <WithStyles(Typography)
              color="textSecondary"
              gutterBottom={true}
              noWrap={true}
            >
              Bogen ausfüllen
            </WithStyles(Typography)>
          </div>
        </WithStyles(CardContent)>
        <WithStyles(Divider) />
        <WithStyles(CardActions)>
          <WithStyles(Button)
            className="PRList-button-6"
            color="primary"
            onClick={[Function]}
          >
            DELEGIEREN
          </WithStyles(Button)>
          <WithStyles(Button)
            className="PRList-button-6"
            color="primary"
            component={[Function]}
            to="/prs/2"
          >
            DETAILS
          </WithStyles(Button)>
        </WithStyles(CardActions)>
      </div>
    </WithStyles(Card)>
  </div>
  <WithTheme(WithWidth(WithMobileDialog))
    handleClose={[Function]}
    open={false}
    selectEmployee={[Function]}
  />
</div>
`;
