// Jest Snapshot v1, https://goo.gl/fbAQLP

exports[`PrOverallFulfillment Component should display the fulfillment of requirement 1`] = `
<WithStyles(ListItem)>
  <div
    className="PrOverallFulfillment-simpleBlack-1"
  >
    <WithStyles(Typography)>
      Zielrolle (ab Senior Level ausfüllen)
    </WithStyles(Typography)>
  </div>
  <WithStyles(Typography)
    id="FULFILLMENT_OF_REQUIREMENT_TYPO"
    variant="body1"
  >
    kein Eintrag
  </WithStyles(Typography)>
</WithStyles(ListItem)>
`;

exports[`PrOverallFulfillment Component should match snapshot 1`] = `
<WithStyles(ListItem)>
  <div
    className="PrOverallFulfillment-simpleBlack-1"
  >
    <WithStyles(Typography)>
      Zielrolle (ab Senior Level ausfüllen)
    </WithStyles(Typography)>
  </div>
  <div
    className="PrOverallFulfillment-number-2"
  >
    <WithStyles(FormControl)>
      <WithStyles(Select)
        displayEmpty={true}
        id="ratingFullfillmentId"
        name="ratingFulfillment"
        onChange={[Function]}
        value={2}
      >
        <WithStyles(MenuItem)
          id="_ratingFulfillmentValue0"
          key="_ratingFulfillment0"
          value={0}
        >
          kein Eintrag
        </WithStyles(MenuItem)>
        <WithStyles(MenuItem)
          id="_ratingFulfillmentValue1"
          key="_ratingFulfillment1"
          value={1}
        >
          nicht erfüllt
        </WithStyles(MenuItem)>
        <WithStyles(MenuItem)
          id="_ratingFulfillmentValue2"
          key="_ratingFulfillment2"
          value={2}
        >
          zT. nicht erfüllt
        </WithStyles(MenuItem)>
        <WithStyles(MenuItem)
          id="_ratingFulfillmentValue3"
          key="_ratingFulfillment3"
          value={3}
        >
          erfüllt
        </WithStyles(MenuItem)>
        <WithStyles(MenuItem)
          id="_ratingFulfillmentValue4"
          key="_ratingFulfillment4"
          value={4}
        >
          zT. übererfüllt
        </WithStyles(MenuItem)>
        <WithStyles(MenuItem)
          id="_ratingFulfillmentValue5"
          key="_ratingFulfillment5"
          value={5}
        >
          übererfüllt
        </WithStyles(MenuItem)>
      </WithStyles(Select)>
    </WithStyles(FormControl)>
  </div>
</WithStyles(ListItem)>
`;
