// Jest Snapshot v1, https://goo.gl/fbAQLP

exports[`PrOverallFulfillment Component should display the fulfillment of requirement 1`] = `
<WithStyles(ListItem)>
  <div
    className="PrOverallFulfillment-simpleBlack-1"
  >
    <WithStyles(Typography)>
      Zielrolle (ab Senior Level ausfüllen)
    </WithStyles(Typography)>
  </div>
  <WithStyles(Typography)
    id="FULFILLMENT_OF_REQUIREMENT_TYPO"
    variant="body1"
  >
    kein Eintrag
  </WithStyles(Typography)>
</WithStyles(ListItem)>
`;

exports[`PrOverallFulfillment Component should match snapshot 1`] = `
<WithStyles(ListItem)>
  <div
    className="PrOverallFulfillment-simpleBlack-1"
  >
    <WithStyles(Typography)>
      Zielrolle (ab Senior Level ausfüllen)
    </WithStyles(Typography)>
  </div>
  <div
    className="PrOverallFulfillment-number-2"
  >
    <WithStyles(FormControl)
      disabled={true}
    >
      <WithStyles(Select)
        displayEmpty={true}
        id="FULFILLMENT_OF_REQUIREMENT_RatingId"
        name="ratingFulfillment"
        onChange={[Function]}
        value={2}
      >
        <WithStyles(MenuItem)
          id="FULFILLMENT_OF_REQUIREMENT_RatingValue0"
          key="FULFILLMENT_OF_REQUIREMENT_RatingValue0"
          value={0}
        >
          kein Eintrag
        </WithStyles(MenuItem)>
        <WithStyles(MenuItem)
          id="FULFILLMENT_OF_REQUIREMENT_RatingValue1"
          key="FULFILLMENT_OF_REQUIREMENT_RatingValue1"
          value={1}
        >
          nicht erfüllt
        </WithStyles(MenuItem)>
        <WithStyles(MenuItem)
          id="FULFILLMENT_OF_REQUIREMENT_RatingValue2"
          key="FULFILLMENT_OF_REQUIREMENT_RatingValue2"
          value={2}
        >
          zT. nicht erfüllt
        </WithStyles(MenuItem)>
        <WithStyles(MenuItem)
          id="FULFILLMENT_OF_REQUIREMENT_RatingValue3"
          key="FULFILLMENT_OF_REQUIREMENT_RatingValue3"
          value={3}
        >
          erfüllt
        </WithStyles(MenuItem)>
        <WithStyles(MenuItem)
          id="FULFILLMENT_OF_REQUIREMENT_RatingValue4"
          key="FULFILLMENT_OF_REQUIREMENT_RatingValue4"
          value={4}
        >
          zT. übererfüllt
        </WithStyles(MenuItem)>
        <WithStyles(MenuItem)
          id="FULFILLMENT_OF_REQUIREMENT_RatingValue5"
          key="FULFILLMENT_OF_REQUIREMENT_RatingValue5"
          value={5}
        >
          übererfüllt
        </WithStyles(MenuItem)>
      </WithStyles(Select)>
    </WithStyles(FormControl)>
  </div>
</WithStyles(ListItem)>
`;
