// Jest Snapshot v1, https://goo.gl/fbAQLP

exports[`PrOverallComment Component should match snapshot 1`] = `
<WithStyles(List)>
  <WithStyles(ListItem)>
    <WithStyles(Grid)
      container={true}
      direction="column"
    >
      <WithStyles(Grid)
        item={true}
        lg={12}
        md={12}
        sm={12}
        xl={12}
        xs={12}
      >
        <WithStyles(Typography)
          component="p"
        >
          Gesamteinschätzung Freitext (Pflichtfeld)
        </WithStyles(Typography)>
      </WithStyles(Grid)>
      <WithStyles(Grid)
        item={true}
        lg={12}
        md={12}
        sm={12}
        xl={12}
        xs={12}
      >
        <WithStyles(Typography)
          className="PrOverallComment-comment-2"
          id="FULFILLMENT_OF_REQUIREMENT_Description"
          variant="body1"
        >
          Noch nicht freigegeben.
        </WithStyles(Typography)>
      </WithStyles(Grid)>
    </WithStyles(Grid)>
  </WithStyles(ListItem)>
</WithStyles(List)>
`;
