// Jest Snapshot v1, https://goo.gl/fbAQLP

exports[`PrOverviewReviewerDelegate Component should match snapshot 1`] = `
<div>
  <WithStyles(PrStatusActionButton)
    label="DELEGIEREN"
    releaseButtonClick={[Function]}
  />
  <WithTheme(WithWidth(WithMobileDialog))
    handleClose={[Function]}
    open={false}
    selectEmployee={[Function]}
    title="Delegieren an"
  />
</div>
`;
