// Jest Snapshot v1, https://goo.gl/fbAQLP

exports[`PrOverallAssessment Component should display fulfillment of requirement 1`] = `
<div>
  <div
    className="PrOverallAssessment-containerListItem-1"
  >
    <Connect(WithStyles(PrOverallFulfillment))
      category="FULFILLMENT_OF_REQUIREMENT"
      prById={
        Object {
          "_links": Object {
            "self": Object {
              "href": "http://localhost:8010/api/v1/prs/1",
            },
          },
          "deadline": "2015-05-11",
          "employee": Object {
            "email": "lionel.schäfer@senacor.com",
            "employment": Object {},
            "entryDate": "2004-05-10",
            "firstName": "Lionel",
            "id": 1,
            "lastName": "Schäfer",
            "login": "lschäfer",
            "salaries": Array [],
            "title": "DR",
          },
          "id": 1,
          "occasion": "ON_DEMAND",
          "prRatingSet": Array [
            Object {
              "_links": Object {
                "self": Object {
                  "href": "http://localhost:8010/api/v1/prs/3/ratings/29",
                },
              },
              "comment": "Everything is awesome!!!",
              "id": 29,
              "prRatingCategory": "OVERALL_ASSESSMENT",
              "prRatingDescription": "FULFILLMENT_OF_REQUIREMENT",
              "rating": 3,
            },
            Object {
              "_links": Object {
                "self": Object {
                  "href": "http://localhost:8010/api/v1/prs/3/ratings/22",
                },
              },
              "comment": null,
              "id": 22,
              "prRatingCategory": "PERFORMANCE_IN_PROJECT",
              "prRatingDescription": "WORK_RESULTS",
              "rating": 4,
            },
            Object {
              "_links": Object {
                "self": Object {
                  "href": "http://localhost:8010/api/v1/prs/3/ratings/24",
                },
              },
              "comment": "Employee uses Attract. It is super effective!",
              "id": 24,
              "prRatingCategory": "IMPACT_ON_CUSTOMER",
              "prRatingDescription": "CUSTOMER_INTERACTION",
              "rating": 5,
            },
            Object {
              "_links": Object {
                "self": Object {
                  "href": "http://localhost:8010/api/v1/prs/3/ratings/30",
                },
              },
              "comment": null,
              "id": 30,
              "prRatingCategory": "OVERALL_ASSESSMENT",
              "prRatingDescription": "TARGET_ROLE",
              "rating": 2,
            },
            Object {
              "_links": Object {
                "self": Object {
                  "href": "http://localhost:8010/api/v1/prs/3/ratings/26",
                },
              },
              "comment": null,
              "id": 26,
              "prRatingCategory": "IMPACT_ON_TEAM",
              "prRatingDescription": "LEADERSHIP",
              "rating": 3,
            },
            Object {
              "_links": Object {
                "self": Object {
                  "href": "http://localhost:8010/api/v1/prs/3/ratings/27",
                },
              },
              "comment": null,
              "id": 27,
              "prRatingCategory": "IMPACT_ON_TEAM",
              "prRatingDescription": "TEAMWORK",
              "rating": 3,
            },
            Object {
              "_links": Object {
                "self": Object {
                  "href": "http://localhost:8010/api/v1/prs/3/ratings/21",
                },
              },
              "comment": null,
              "id": 21,
              "prRatingCategory": "PERFORMANCE_IN_PROJECT",
              "prRatingDescription": "PROBLEM_ANALYSIS",
              "rating": 4,
            },
            Object {
              "_links": Object {
                "self": Object {
                  "href": "http://localhost:8010/api/v1/prs/3/ratings/23",
                },
              },
              "comment": null,
              "id": 23,
              "prRatingCategory": "PERFORMANCE_IN_PROJECT",
              "prRatingDescription": "WORKING_MANNER",
              "rating": 2,
            },
            Object {
              "_links": Object {
                "self": Object {
                  "href": "http://localhost:8010/api/v1/prs/3/ratings/25",
                },
              },
              "comment": null,
              "id": 25,
              "prRatingCategory": "IMPACT_ON_CUSTOMER",
              "prRatingDescription": "CUSTOMER_RETENTION",
              "rating": 5,
            },
            Object {
              "_links": Object {
                "self": Object {
                  "href": "http://localhost:8010/api/v1/prs/3/ratings/28",
                },
              },
              "comment": null,
              "id": 28,
              "prRatingCategory": "IMPACT_ON_COMPANY",
              "prRatingDescription": "CONTRIBUTION_TO_COMPANY_DEVELOPMENT",
              "rating": 3,
            },
          ],
          "prReflectionSet": Array [
            Object {
              "_links": Object {
                "self": Object {
                  "href": "http://localhost:8010/api/v1/prs/3/reflections/5",
                },
              },
              "id": 5,
              "prReflectionField": "INFLUENCE_OF_LEADER_AND_ENVIRONMENT",
              "text": "We went on a hike together and my leader showed me the mountains",
            },
            Object {
              "_links": Object {
                "self": Object {
                  "href": "http://localhost:8010/api/v1/prs/3/reflections/6",
                },
              },
              "id": 6,
              "prReflectionField": "ROLE_AND_PROJECT_ENVIRONMENT",
              "text": "I am a hiker now",
            },
          ],
          "prVisibilityEntry": Object {
            "visibilityToEmployee": "INVISIBLE",
            "visibilityToReviewer": "VISIBLE",
          },
          "status": "PREPARATION",
          "statuses": Array [
            "FILLED_SHEET_EMPLOYEE",
            "FILLED_SHEET_REVIEWER",
            "ALL_DATES_ACCEPTED",
            "MODIFICATIONS_ACCEPTED_REVIEWER",
          ],
          "supervisor": "ttran",
        }
      }
    />
  </div>
  <div
    className="PrOverallAssessment-rightLegend-2"
  >
    <WithStyles(Typography)
      color="textSecondary"
      variant="caption"
    >
      niedrige Eignung ------ hohe Eignung
    </WithStyles(Typography)>
  </div>
  <div
    className="PrOverallAssessment-containerListItem-1"
  >
    <Connect(WithStyles(TargetRole))
      prById={
        Object {
          "_links": Object {
            "self": Object {
              "href": "http://localhost:8010/api/v1/prs/1",
            },
          },
          "deadline": "2015-05-11",
          "employee": Object {
            "email": "lionel.schäfer@senacor.com",
            "employment": Object {},
            "entryDate": "2004-05-10",
            "firstName": "Lionel",
            "id": 1,
            "lastName": "Schäfer",
            "login": "lschäfer",
            "salaries": Array [],
            "title": "DR",
          },
          "id": 1,
          "occasion": "ON_DEMAND",
          "prRatingSet": Array [
            Object {
              "_links": Object {
                "self": Object {
                  "href": "http://localhost:8010/api/v1/prs/3/ratings/29",
                },
              },
              "comment": "Everything is awesome!!!",
              "id": 29,
              "prRatingCategory": "OVERALL_ASSESSMENT",
              "prRatingDescription": "FULFILLMENT_OF_REQUIREMENT",
              "rating": 3,
            },
            Object {
              "_links": Object {
                "self": Object {
                  "href": "http://localhost:8010/api/v1/prs/3/ratings/22",
                },
              },
              "comment": null,
              "id": 22,
              "prRatingCategory": "PERFORMANCE_IN_PROJECT",
              "prRatingDescription": "WORK_RESULTS",
              "rating": 4,
            },
            Object {
              "_links": Object {
                "self": Object {
                  "href": "http://localhost:8010/api/v1/prs/3/ratings/24",
                },
              },
              "comment": "Employee uses Attract. It is super effective!",
              "id": 24,
              "prRatingCategory": "IMPACT_ON_CUSTOMER",
              "prRatingDescription": "CUSTOMER_INTERACTION",
              "rating": 5,
            },
            Object {
              "_links": Object {
                "self": Object {
                  "href": "http://localhost:8010/api/v1/prs/3/ratings/30",
                },
              },
              "comment": null,
              "id": 30,
              "prRatingCategory": "OVERALL_ASSESSMENT",
              "prRatingDescription": "TARGET_ROLE",
              "rating": 2,
            },
            Object {
              "_links": Object {
                "self": Object {
                  "href": "http://localhost:8010/api/v1/prs/3/ratings/26",
                },
              },
              "comment": null,
              "id": 26,
              "prRatingCategory": "IMPACT_ON_TEAM",
              "prRatingDescription": "LEADERSHIP",
              "rating": 3,
            },
            Object {
              "_links": Object {
                "self": Object {
                  "href": "http://localhost:8010/api/v1/prs/3/ratings/27",
                },
              },
              "comment": null,
              "id": 27,
              "prRatingCategory": "IMPACT_ON_TEAM",
              "prRatingDescription": "TEAMWORK",
              "rating": 3,
            },
            Object {
              "_links": Object {
                "self": Object {
                  "href": "http://localhost:8010/api/v1/prs/3/ratings/21",
                },
              },
              "comment": null,
              "id": 21,
              "prRatingCategory": "PERFORMANCE_IN_PROJECT",
              "prRatingDescription": "PROBLEM_ANALYSIS",
              "rating": 4,
            },
            Object {
              "_links": Object {
                "self": Object {
                  "href": "http://localhost:8010/api/v1/prs/3/ratings/23",
                },
              },
              "comment": null,
              "id": 23,
              "prRatingCategory": "PERFORMANCE_IN_PROJECT",
              "prRatingDescription": "WORKING_MANNER",
              "rating": 2,
            },
            Object {
              "_links": Object {
                "self": Object {
                  "href": "http://localhost:8010/api/v1/prs/3/ratings/25",
                },
              },
              "comment": null,
              "id": 25,
              "prRatingCategory": "IMPACT_ON_CUSTOMER",
              "prRatingDescription": "CUSTOMER_RETENTION",
              "rating": 5,
            },
            Object {
              "_links": Object {
                "self": Object {
                  "href": "http://localhost:8010/api/v1/prs/3/ratings/28",
                },
              },
              "comment": null,
              "id": 28,
              "prRatingCategory": "IMPACT_ON_COMPANY",
              "prRatingDescription": "CONTRIBUTION_TO_COMPANY_DEVELOPMENT",
              "rating": 3,
            },
          ],
          "prReflectionSet": Array [
            Object {
              "_links": Object {
                "self": Object {
                  "href": "http://localhost:8010/api/v1/prs/3/reflections/5",
                },
              },
              "id": 5,
              "prReflectionField": "INFLUENCE_OF_LEADER_AND_ENVIRONMENT",
              "text": "We went on a hike together and my leader showed me the mountains",
            },
            Object {
              "_links": Object {
                "self": Object {
                  "href": "http://localhost:8010/api/v1/prs/3/reflections/6",
                },
              },
              "id": 6,
              "prReflectionField": "ROLE_AND_PROJECT_ENVIRONMENT",
              "text": "I am a hiker now",
            },
          ],
          "prVisibilityEntry": Object {
            "visibilityToEmployee": "INVISIBLE",
            "visibilityToReviewer": "VISIBLE",
          },
          "status": "PREPARATION",
          "statuses": Array [
            "FILLED_SHEET_EMPLOYEE",
            "FILLED_SHEET_REVIEWER",
            "ALL_DATES_ACCEPTED",
            "MODIFICATIONS_ACCEPTED_REVIEWER",
          ],
          "supervisor": "ttran",
        }
      }
    />
  </div>
  <div>
    <Connect(WithStyles(PrOverallComment))
      category="FULFILLMENT_OF_REQUIREMENT"
      prById={
        Object {
          "_links": Object {
            "self": Object {
              "href": "http://localhost:8010/api/v1/prs/1",
            },
          },
          "deadline": "2015-05-11",
          "employee": Object {
            "email": "lionel.schäfer@senacor.com",
            "employment": Object {},
            "entryDate": "2004-05-10",
            "firstName": "Lionel",
            "id": 1,
            "lastName": "Schäfer",
            "login": "lschäfer",
            "salaries": Array [],
            "title": "DR",
          },
          "id": 1,
          "occasion": "ON_DEMAND",
          "prRatingSet": Array [
            Object {
              "_links": Object {
                "self": Object {
                  "href": "http://localhost:8010/api/v1/prs/3/ratings/29",
                },
              },
              "comment": "Everything is awesome!!!",
              "id": 29,
              "prRatingCategory": "OVERALL_ASSESSMENT",
              "prRatingDescription": "FULFILLMENT_OF_REQUIREMENT",
              "rating": 3,
            },
            Object {
              "_links": Object {
                "self": Object {
                  "href": "http://localhost:8010/api/v1/prs/3/ratings/22",
                },
              },
              "comment": null,
              "id": 22,
              "prRatingCategory": "PERFORMANCE_IN_PROJECT",
              "prRatingDescription": "WORK_RESULTS",
              "rating": 4,
            },
            Object {
              "_links": Object {
                "self": Object {
                  "href": "http://localhost:8010/api/v1/prs/3/ratings/24",
                },
              },
              "comment": "Employee uses Attract. It is super effective!",
              "id": 24,
              "prRatingCategory": "IMPACT_ON_CUSTOMER",
              "prRatingDescription": "CUSTOMER_INTERACTION",
              "rating": 5,
            },
            Object {
              "_links": Object {
                "self": Object {
                  "href": "http://localhost:8010/api/v1/prs/3/ratings/30",
                },
              },
              "comment": null,
              "id": 30,
              "prRatingCategory": "OVERALL_ASSESSMENT",
              "prRatingDescription": "TARGET_ROLE",
              "rating": 2,
            },
            Object {
              "_links": Object {
                "self": Object {
                  "href": "http://localhost:8010/api/v1/prs/3/ratings/26",
                },
              },
              "comment": null,
              "id": 26,
              "prRatingCategory": "IMPACT_ON_TEAM",
              "prRatingDescription": "LEADERSHIP",
              "rating": 3,
            },
            Object {
              "_links": Object {
                "self": Object {
                  "href": "http://localhost:8010/api/v1/prs/3/ratings/27",
                },
              },
              "comment": null,
              "id": 27,
              "prRatingCategory": "IMPACT_ON_TEAM",
              "prRatingDescription": "TEAMWORK",
              "rating": 3,
            },
            Object {
              "_links": Object {
                "self": Object {
                  "href": "http://localhost:8010/api/v1/prs/3/ratings/21",
                },
              },
              "comment": null,
              "id": 21,
              "prRatingCategory": "PERFORMANCE_IN_PROJECT",
              "prRatingDescription": "PROBLEM_ANALYSIS",
              "rating": 4,
            },
            Object {
              "_links": Object {
                "self": Object {
                  "href": "http://localhost:8010/api/v1/prs/3/ratings/23",
                },
              },
              "comment": null,
              "id": 23,
              "prRatingCategory": "PERFORMANCE_IN_PROJECT",
              "prRatingDescription": "WORKING_MANNER",
              "rating": 2,
            },
            Object {
              "_links": Object {
                "self": Object {
                  "href": "http://localhost:8010/api/v1/prs/3/ratings/25",
                },
              },
              "comment": null,
              "id": 25,
              "prRatingCategory": "IMPACT_ON_CUSTOMER",
              "prRatingDescription": "CUSTOMER_RETENTION",
              "rating": 5,
            },
            Object {
              "_links": Object {
                "self": Object {
                  "href": "http://localhost:8010/api/v1/prs/3/ratings/28",
                },
              },
              "comment": null,
              "id": 28,
              "prRatingCategory": "IMPACT_ON_COMPANY",
              "prRatingDescription": "CONTRIBUTION_TO_COMPANY_DEVELOPMENT",
              "rating": 3,
            },
          ],
          "prReflectionSet": Array [
            Object {
              "_links": Object {
                "self": Object {
                  "href": "http://localhost:8010/api/v1/prs/3/reflections/5",
                },
              },
              "id": 5,
              "prReflectionField": "INFLUENCE_OF_LEADER_AND_ENVIRONMENT",
              "text": "We went on a hike together and my leader showed me the mountains",
            },
            Object {
              "_links": Object {
                "self": Object {
                  "href": "http://localhost:8010/api/v1/prs/3/reflections/6",
                },
              },
              "id": 6,
              "prReflectionField": "ROLE_AND_PROJECT_ENVIRONMENT",
              "text": "I am a hiker now",
            },
          ],
          "prVisibilityEntry": Object {
            "visibilityToEmployee": "INVISIBLE",
            "visibilityToReviewer": "VISIBLE",
          },
          "status": "PREPARATION",
          "statuses": Array [
            "FILLED_SHEET_EMPLOYEE",
            "FILLED_SHEET_REVIEWER",
            "ALL_DATES_ACCEPTED",
            "MODIFICATIONS_ACCEPTED_REVIEWER",
          ],
          "supervisor": "ttran",
        }
      }
    />
  </div>
</div>
`;
