// Jest Snapshot v1, https://goo.gl/fbAQLP

exports[`PrOverallComment Component should match snapshot 1`] = `
<WithStyles(List)>
  <WithStyles(ListItem)>
    <WithStyles(Grid)
      container={true}
      direction="column"
    >
      <WithStyles(Grid)
        item={true}
        lg={12}
        md={12}
        sm={12}
        xl={12}
        xs={12}
      >
        <WithStyles(Typography)
          component="p"
        >
          Gesamteinschätzung Freitext (Pflichtfeld)
        </WithStyles(Typography)>
      </WithStyles(Grid)>
      <WithStyles(Grid)
        item={true}
        lg={12}
        md={12}
        sm={12}
        xl={12}
        xs={12}
      >
        <WithStyles(PrTextField)
          helperText="Erfüllung der Anforderungen, welche Stärken ausbauen, welche Lücken schließen?"
          onChange={[Function]}
          openEditing={true}
          readOnlyText="ggg"
          writeableText="ggg"
        />
      </WithStyles(Grid)>
    </WithStyles(Grid)>
  </WithStyles(ListItem)>
</WithStyles(List)>
`;
