// Jest Snapshot v1, https://goo.gl/fbAQLP

exports[`PrState Component displays the PrState 1`] = `
<WithStyles(Paper)
  className="PrState-paper-1"
>
  <WithStyles(List)>
    <WithStyles(ListItem)>
      <WithStyles(ListItemText)>
        Fortschritt des Reviewprozesses
      </WithStyles(ListItemText)>
    </WithStyles(ListItem)>
    <WithStyles(ListItem)>
      <WithStyles(Stepper)
        activeStep={0}
        className="PrState-stepper-2"
        orientation="vertical"
      >
        <WithStyles(Step)
          key="Vorbereitung PR"
        >
          <WithStyles(StepLabel)>
            Vorbereitung PR
          </WithStyles(StepLabel)>
          <WithStyles(StepContent)>
            <WithStyles(Grid)
              alignItems="center"
              container={true}
              key="SubStepGrid_FILLED_SHEET_EMPLOYEE"
              spacing={8}
            >
              <WithStyles(Grid)
                item={true}
                lg={12}
                md={12}
                sm={12}
                xl={6}
                xs={12}
              >
                <WithStyles(Grid)
                  container={true}
                  direction="row"
                >
                  <WithStyles(Grid)
                    item={true}
                    lg={8}
                    md={6}
                    sm={8}
                    xs={8}
                  >
                    <WithStyles(Typography)>
                      Freigabe Mitarbeiter
                    </WithStyles(Typography)>
                  </WithStyles(Grid)>
                  <WithStyles(Grid)
                    item={true}
                    lg={4}
                    md={6}
                    sm={4}
                    xs={4}
                  />
                </WithStyles(Grid)>
              </WithStyles(Grid)>
            </WithStyles(Grid)>
            <WithStyles(Grid)
              alignItems="center"
              container={true}
              key="SubStepGrid_FILLED_SHEET_REVIEWER"
              spacing={8}
            >
              <WithStyles(Grid)
                item={true}
                lg={12}
                md={12}
                sm={12}
                xl={6}
                xs={12}
              >
                <WithStyles(Grid)
                  container={true}
                  direction="row"
                >
                  <WithStyles(Grid)
                    item={true}
                    lg={8}
                    md={6}
                    sm={8}
                    xs={8}
                  >
                    <WithStyles(Typography)>
                      Freigabe Beurteiler
                    </WithStyles(Typography)>
                  </WithStyles(Grid)>
                  <WithStyles(Grid)
                    item={true}
                    lg={4}
                    md={6}
                    sm={4}
                    xs={4}
                  />
                </WithStyles(Grid)>
              </WithStyles(Grid)>
              <WithStyles(Grid)
                item={true}
                lg={12}
                md={12}
                sm={12}
                xl={6}
                xs={12}
              >
                <WithStyles(Button)
                  className="PrState-buttonDesktop-4"
                  onClick={[Function]}
                >
                  PR freigeben
                </WithStyles(Button)>
              </WithStyles(Grid)>
            </WithStyles(Grid)>
            <WithStyles(Grid)
              alignItems="center"
              container={true}
              key="SubStepGrid_ALL_DATES_ACCEPTED"
              spacing={8}
            >
              <WithStyles(Grid)
                item={true}
                lg={12}
                md={12}
                sm={12}
                xl={6}
                xs={12}
              >
                <WithStyles(Grid)
                  container={true}
                  direction="row"
                >
                  <WithStyles(Grid)
                    item={true}
                    lg={8}
                    md={6}
                    sm={8}
                    xs={8}
                  >
                    <WithStyles(Typography)>
                      Termin festgesetzt
                    </WithStyles(Typography)>
                  </WithStyles(Grid)>
                  <WithStyles(Grid)
                    item={true}
                    lg={4}
                    md={6}
                    sm={4}
                    xs={4}
                  />
                </WithStyles(Grid)>
              </WithStyles(Grid)>
            </WithStyles(Grid)>
          </WithStyles(StepContent)>
        </WithStyles(Step)>
        <WithStyles(Step)
          key="PR abschließen (Beurteiler)"
        >
          <WithStyles(StepLabel)>
            PR abschließen (Beurteiler)
          </WithStyles(StepLabel)>
          <WithStyles(StepContent) />
        </WithStyles(Step)>
        <WithStyles(Step)
          key="PR abschließen (Mitarbeiter)"
        >
          <WithStyles(StepLabel)>
            PR abschließen (Mitarbeiter)
          </WithStyles(StepLabel)>
          <WithStyles(StepContent) />
        </WithStyles(Step)>
        <WithStyles(Step)
          key="PR archivieren (HR)"
        >
          <WithStyles(StepLabel)>
            PR archivieren (HR)
          </WithStyles(StepLabel)>
          <WithStyles(StepContent) />
        </WithStyles(Step)>
      </WithStyles(Stepper)>
    </WithStyles(ListItem)>
  </WithStyles(List)>
</WithStyles(Paper)>
`;
