// Jest Snapshot v1, https://goo.gl/fbAQLP

exports[`SimpleErrorDialog Component should match Snapshot 1`] = `
<Dialog
  TransitionComponent={[Function]}
  aria-labelledby="simple-dialog-title"
  classes={
    Object {
      "container": "MuiDialog-container-4",
      "paper": "MuiDialog-paper-5",
      "paperFullScreen": "MuiDialog-paperFullScreen-13",
      "paperFullWidth": "MuiDialog-paperFullWidth-12",
      "paperScrollBody": "MuiDialog-paperScrollBody-7",
      "paperScrollPaper": "MuiDialog-paperScrollPaper-6",
      "paperWidthLg": "MuiDialog-paperWidthLg-11",
      "paperWidthMd": "MuiDialog-paperWidthMd-10",
      "paperWidthSm": "MuiDialog-paperWidthSm-9",
      "paperWidthXs": "MuiDialog-paperWidthXs-8",
      "root": "MuiDialog-root-1",
      "scrollBody": "MuiDialog-scrollBody-3",
      "scrollPaper": "MuiDialog-scrollPaper-2",
    }
  }
  disableBackdropClick={false}
  disableEscapeKeyDown={false}
  fullScreen={false}
  fullWidth={false}
  maxWidth="sm"
  onClose={[Function]}
  open={true}
  scroll="paper"
  transitionDuration={
    Object {
      "enter": 225,
      "exit": 195,
    }
  }
>
  <WithStyles(DialogTitle)>
    Fehlermeldung
  </WithStyles(DialogTitle)>
  <WithStyles(Button)
    onClick={[Function]}
  >
    Ok
  </WithStyles(Button)>
</Dialog>
`;
