// Jest Snapshot v1, https://goo.gl/fbAQLP

exports[`TargetRole Component should match snapshot 1`] = `
<WithStyles(ListItem)>
  <WithStyles(Grid)
    container={true}
  >
    <WithStyles(Grid)
      className="TargetRole-outerGrid-1"
      container={true}
      key="PLATTFORMGESTALTER_Container"
    >
      <WithStyles(Grid)
        className="TargetRole-targetRole-3"
        item={true}
        lg={8}
        md={8}
        sm={8}
        xl={8}
        xs={8}
      >
        <div
          className="TargetRole-simpleBlack-4"
        >
          <WithStyles(Typography)>
            Plattformgestalter
          </WithStyles(Typography)>
        </div>
      </WithStyles(Grid)>
      <WithStyles(Grid)
        className="TargetRole-ratingTargetRole-2"
        id="target-role-PLATTFORMGESTALTER"
        item={true}
        lg={4}
        md={4}
        sm={4}
        xl={4}
        xs={4}
      >
        <Connect(WithStyles(StepSlider))
          isDisabled={true}
          key="PLATTFORMGESTALTER"
          prActive={
            Object {
              "prTargetRoleSet": Array [
                Object {
                  "id": 22,
                  "prTargetRoleName": "PLATTFORMGESTALTER",
                  "rating": 2,
                },
                Object {
                  "id": 25,
                  "prTargetRoleName": "IT_SOLUTION_LEADER",
                  "rating": 2,
                },
                Object {
                  "id": 27,
                  "prTargetRoleName": "TRANSFORMATION_MANAGER",
                  "rating": 2,
                },
                Object {
                  "id": 26,
                  "prTargetRoleName": "IT_LIEFERSTEUERER",
                  "rating": 2,
                },
                Object {
                  "id": 23,
                  "prTargetRoleName": "ARCHITECT",
                  "rating": 2,
                },
                Object {
                  "id": 28,
                  "prTargetRoleName": "TECHNICAL_EXPERT",
                  "rating": 2,
                },
                Object {
                  "id": 24,
                  "prTargetRoleName": "LEAD_DEVELOPER",
                  "rating": 2,
                },
              ],
            }
          }
          rating={2}
          targetRoleName="PLATTFORMGESTALTER"
        />
      </WithStyles(Grid)>
    </WithStyles(Grid)>
    <WithStyles(Grid)
      className="TargetRole-outerGrid-1"
      container={true}
      key="IT_SOLUTION_LEADER_Container"
    >
      <WithStyles(Grid)
        className="TargetRole-targetRole-3"
        item={true}
        lg={8}
        md={8}
        sm={8}
        xl={8}
        xs={8}
      >
        <div
          className="TargetRole-simpleBlack-4"
        >
          <WithStyles(Typography)>
            IT Solution Leader
          </WithStyles(Typography)>
        </div>
      </WithStyles(Grid)>
      <WithStyles(Grid)
        className="TargetRole-ratingTargetRole-2"
        id="target-role-IT_SOLUTION_LEADER"
        item={true}
        lg={4}
        md={4}
        sm={4}
        xl={4}
        xs={4}
      >
        <Connect(WithStyles(StepSlider))
          isDisabled={true}
          key="IT_SOLUTION_LEADER"
          prActive={
            Object {
              "prTargetRoleSet": Array [
                Object {
                  "id": 22,
                  "prTargetRoleName": "PLATTFORMGESTALTER",
                  "rating": 2,
                },
                Object {
                  "id": 25,
                  "prTargetRoleName": "IT_SOLUTION_LEADER",
                  "rating": 2,
                },
                Object {
                  "id": 27,
                  "prTargetRoleName": "TRANSFORMATION_MANAGER",
                  "rating": 2,
                },
                Object {
                  "id": 26,
                  "prTargetRoleName": "IT_LIEFERSTEUERER",
                  "rating": 2,
                },
                Object {
                  "id": 23,
                  "prTargetRoleName": "ARCHITECT",
                  "rating": 2,
                },
                Object {
                  "id": 28,
                  "prTargetRoleName": "TECHNICAL_EXPERT",
                  "rating": 2,
                },
                Object {
                  "id": 24,
                  "prTargetRoleName": "LEAD_DEVELOPER",
                  "rating": 2,
                },
              ],
            }
          }
          rating={2}
          targetRoleName="IT_SOLUTION_LEADER"
        />
      </WithStyles(Grid)>
    </WithStyles(Grid)>
    <WithStyles(Grid)
      className="TargetRole-outerGrid-1"
      container={true}
      key="TRANSFORMATION_MANAGER_Container"
    >
      <WithStyles(Grid)
        className="TargetRole-targetRole-3"
        item={true}
        lg={8}
        md={8}
        sm={8}
        xl={8}
        xs={8}
      >
        <div
          className="TargetRole-simpleBlack-4"
        >
          <WithStyles(Typography)>
            Transformation Manager
          </WithStyles(Typography)>
        </div>
      </WithStyles(Grid)>
      <WithStyles(Grid)
        className="TargetRole-ratingTargetRole-2"
        id="target-role-TRANSFORMATION_MANAGER"
        item={true}
        lg={4}
        md={4}
        sm={4}
        xl={4}
        xs={4}
      >
        <Connect(WithStyles(StepSlider))
          isDisabled={true}
          key="TRANSFORMATION_MANAGER"
          prActive={
            Object {
              "prTargetRoleSet": Array [
                Object {
                  "id": 22,
                  "prTargetRoleName": "PLATTFORMGESTALTER",
                  "rating": 2,
                },
                Object {
                  "id": 25,
                  "prTargetRoleName": "IT_SOLUTION_LEADER",
                  "rating": 2,
                },
                Object {
                  "id": 27,
                  "prTargetRoleName": "TRANSFORMATION_MANAGER",
                  "rating": 2,
                },
                Object {
                  "id": 26,
                  "prTargetRoleName": "IT_LIEFERSTEUERER",
                  "rating": 2,
                },
                Object {
                  "id": 23,
                  "prTargetRoleName": "ARCHITECT",
                  "rating": 2,
                },
                Object {
                  "id": 28,
                  "prTargetRoleName": "TECHNICAL_EXPERT",
                  "rating": 2,
                },
                Object {
                  "id": 24,
                  "prTargetRoleName": "LEAD_DEVELOPER",
                  "rating": 2,
                },
              ],
            }
          }
          rating={2}
          targetRoleName="TRANSFORMATION_MANAGER"
        />
      </WithStyles(Grid)>
    </WithStyles(Grid)>
    <WithStyles(Grid)
      className="TargetRole-outerGrid-1"
      container={true}
      key="IT_LIEFERSTEUERER_Container"
    >
      <WithStyles(Grid)
        className="TargetRole-targetRole-3"
        item={true}
        lg={8}
        md={8}
        sm={8}
        xl={8}
        xs={8}
      >
        <div
          className="TargetRole-simpleBlack-4"
        >
          <WithStyles(Typography)>
            IT Liefersteuerer
          </WithStyles(Typography)>
        </div>
      </WithStyles(Grid)>
      <WithStyles(Grid)
        className="TargetRole-ratingTargetRole-2"
        id="target-role-IT_LIEFERSTEUERER"
        item={true}
        lg={4}
        md={4}
        sm={4}
        xl={4}
        xs={4}
      >
        <Connect(WithStyles(StepSlider))
          isDisabled={true}
          key="IT_LIEFERSTEUERER"
          prActive={
            Object {
              "prTargetRoleSet": Array [
                Object {
                  "id": 22,
                  "prTargetRoleName": "PLATTFORMGESTALTER",
                  "rating": 2,
                },
                Object {
                  "id": 25,
                  "prTargetRoleName": "IT_SOLUTION_LEADER",
                  "rating": 2,
                },
                Object {
                  "id": 27,
                  "prTargetRoleName": "TRANSFORMATION_MANAGER",
                  "rating": 2,
                },
                Object {
                  "id": 26,
                  "prTargetRoleName": "IT_LIEFERSTEUERER",
                  "rating": 2,
                },
                Object {
                  "id": 23,
                  "prTargetRoleName": "ARCHITECT",
                  "rating": 2,
                },
                Object {
                  "id": 28,
                  "prTargetRoleName": "TECHNICAL_EXPERT",
                  "rating": 2,
                },
                Object {
                  "id": 24,
                  "prTargetRoleName": "LEAD_DEVELOPER",
                  "rating": 2,
                },
              ],
            }
          }
          rating={2}
          targetRoleName="IT_LIEFERSTEUERER"
        />
      </WithStyles(Grid)>
    </WithStyles(Grid)>
    <WithStyles(Grid)
      className="TargetRole-outerGrid-1"
      container={true}
      key="ARCHITECT_Container"
    >
      <WithStyles(Grid)
        className="TargetRole-targetRole-3"
        item={true}
        lg={8}
        md={8}
        sm={8}
        xl={8}
        xs={8}
      >
        <div
          className="TargetRole-simpleBlack-4"
        >
          <WithStyles(Typography)>
            Architekt
          </WithStyles(Typography)>
        </div>
      </WithStyles(Grid)>
      <WithStyles(Grid)
        className="TargetRole-ratingTargetRole-2"
        id="target-role-ARCHITECT"
        item={true}
        lg={4}
        md={4}
        sm={4}
        xl={4}
        xs={4}
      >
        <Connect(WithStyles(StepSlider))
          isDisabled={true}
          key="ARCHITECT"
          prActive={
            Object {
              "prTargetRoleSet": Array [
                Object {
                  "id": 22,
                  "prTargetRoleName": "PLATTFORMGESTALTER",
                  "rating": 2,
                },
                Object {
                  "id": 25,
                  "prTargetRoleName": "IT_SOLUTION_LEADER",
                  "rating": 2,
                },
                Object {
                  "id": 27,
                  "prTargetRoleName": "TRANSFORMATION_MANAGER",
                  "rating": 2,
                },
                Object {
                  "id": 26,
                  "prTargetRoleName": "IT_LIEFERSTEUERER",
                  "rating": 2,
                },
                Object {
                  "id": 23,
                  "prTargetRoleName": "ARCHITECT",
                  "rating": 2,
                },
                Object {
                  "id": 28,
                  "prTargetRoleName": "TECHNICAL_EXPERT",
                  "rating": 2,
                },
                Object {
                  "id": 24,
                  "prTargetRoleName": "LEAD_DEVELOPER",
                  "rating": 2,
                },
              ],
            }
          }
          rating={2}
          targetRoleName="ARCHITECT"
        />
      </WithStyles(Grid)>
    </WithStyles(Grid)>
    <WithStyles(Grid)
      className="TargetRole-outerGrid-1"
      container={true}
      key="TECHNICAL_EXPERT_Container"
    >
      <WithStyles(Grid)
        className="TargetRole-targetRole-3"
        item={true}
        lg={8}
        md={8}
        sm={8}
        xl={8}
        xs={8}
      >
        <div
          className="TargetRole-simpleBlack-4"
        >
          <WithStyles(Typography)>
            Technischer Experte
          </WithStyles(Typography)>
        </div>
      </WithStyles(Grid)>
      <WithStyles(Grid)
        className="TargetRole-ratingTargetRole-2"
        id="target-role-TECHNICAL_EXPERT"
        item={true}
        lg={4}
        md={4}
        sm={4}
        xl={4}
        xs={4}
      >
        <Connect(WithStyles(StepSlider))
          isDisabled={true}
          key="TECHNICAL_EXPERT"
          prActive={
            Object {
              "prTargetRoleSet": Array [
                Object {
                  "id": 22,
                  "prTargetRoleName": "PLATTFORMGESTALTER",
                  "rating": 2,
                },
                Object {
                  "id": 25,
                  "prTargetRoleName": "IT_SOLUTION_LEADER",
                  "rating": 2,
                },
                Object {
                  "id": 27,
                  "prTargetRoleName": "TRANSFORMATION_MANAGER",
                  "rating": 2,
                },
                Object {
                  "id": 26,
                  "prTargetRoleName": "IT_LIEFERSTEUERER",
                  "rating": 2,
                },
                Object {
                  "id": 23,
                  "prTargetRoleName": "ARCHITECT",
                  "rating": 2,
                },
                Object {
                  "id": 28,
                  "prTargetRoleName": "TECHNICAL_EXPERT",
                  "rating": 2,
                },
                Object {
                  "id": 24,
                  "prTargetRoleName": "LEAD_DEVELOPER",
                  "rating": 2,
                },
              ],
            }
          }
          rating={2}
          targetRoleName="TECHNICAL_EXPERT"
        />
      </WithStyles(Grid)>
    </WithStyles(Grid)>
    <WithStyles(Grid)
      className="TargetRole-outerGrid-1"
      container={true}
      key="LEAD_DEVELOPER_Container"
    >
      <WithStyles(Grid)
        className="TargetRole-targetRole-3"
        item={true}
        lg={8}
        md={8}
        sm={8}
        xl={8}
        xs={8}
      >
        <div
          className="TargetRole-simpleBlack-4"
        >
          <WithStyles(Typography)>
            Lead Developer
          </WithStyles(Typography)>
        </div>
      </WithStyles(Grid)>
      <WithStyles(Grid)
        className="TargetRole-ratingTargetRole-2"
        id="target-role-LEAD_DEVELOPER"
        item={true}
        lg={4}
        md={4}
        sm={4}
        xl={4}
        xs={4}
      >
        <Connect(WithStyles(StepSlider))
          isDisabled={true}
          key="LEAD_DEVELOPER"
          prActive={
            Object {
              "prTargetRoleSet": Array [
                Object {
                  "id": 22,
                  "prTargetRoleName": "PLATTFORMGESTALTER",
                  "rating": 2,
                },
                Object {
                  "id": 25,
                  "prTargetRoleName": "IT_SOLUTION_LEADER",
                  "rating": 2,
                },
                Object {
                  "id": 27,
                  "prTargetRoleName": "TRANSFORMATION_MANAGER",
                  "rating": 2,
                },
                Object {
                  "id": 26,
                  "prTargetRoleName": "IT_LIEFERSTEUERER",
                  "rating": 2,
                },
                Object {
                  "id": 23,
                  "prTargetRoleName": "ARCHITECT",
                  "rating": 2,
                },
                Object {
                  "id": 28,
                  "prTargetRoleName": "TECHNICAL_EXPERT",
                  "rating": 2,
                },
                Object {
                  "id": 24,
                  "prTargetRoleName": "LEAD_DEVELOPER",
                  "rating": 2,
                },
              ],
            }
          }
          rating={2}
          targetRoleName="LEAD_DEVELOPER"
        />
      </WithStyles(Grid)>
    </WithStyles(Grid)>
  </WithStyles(Grid)>
</WithStyles(ListItem)>
`;
