// Jest Snapshot v1, https://goo.gl/fbAQLP

exports[`BackToTableButton Component should match snapshot 1`] = `
<IconButton
  aria-label="Links"
  classes={
    Object {
      "colorInherit": "MuiIconButton-colorInherit-2",
      "colorPrimary": "MuiIconButton-colorPrimary-3",
      "colorSecondary": "MuiIconButton-colorSecondary-4",
      "disabled": "MuiIconButton-disabled-5",
      "label": "MuiIconButton-label-6",
      "root": "MuiIconButton-root-1",
    }
  }
  color="default"
  component={[Function]}
  disabled={false}
  to="/myPrs"
>
  <WithStyles(Icon)
    fontSize="small"
  >
    close
  </WithStyles(Icon)>
</IconButton>
`;
