// Jest Snapshot v1, https://goo.gl/fbAQLP

exports[`BackToTableButton Component should match snapshot 1`] = `
<PrStatusActionButton
  classes={
    Object {
      "buttonDesktop": "PrStatusActionButton-buttonDesktop-1",
      "sizeSmall": "PrStatusActionButton-sizeSmall-2",
    }
  }
  component={[Function]}
  label="zurück zur Liste"
  to="/myPrs"
/>
`;
