// Jest Snapshot v1, https://goo.gl/fbAQLP

exports[`MeetingDetailsView should match snapshot 1`] = `
<div
  className="MeetingDetailsView-meetingView-4"
>
  <div>
    <WithStyles(Typography)
      gutterBottom={true}
      variant="h4"
    >
      Termindetails
    </WithStyles(Typography)>
  </div>
  <div>
    <WithStyles(List)>
      <WithStyles(ListItem)
        id="date"
      >
        <WithStyles(ListItemIcon)>
          <pure(TodayIcon) />
        </WithStyles(ListItemIcon)>
        <WithStyles(ListItemText)
          primary="06.08.2018"
        />
      </WithStyles(ListItem)>
      <WithStyles(ListItem)
        id="startAndEndTime"
      >
        <WithStyles(ListItemIcon)>
          <pure(ScheduleIcon) />
        </WithStyles(ListItemIcon)>
        <WithStyles(ListItemText)
          primary="09:51 - 10:51"
        />
      </WithStyles(ListItem)>
      <WithStyles(ListItem)
        id="location"
      >
        <WithStyles(ListItemIcon)>
          <pure(LocationOnIcon) />
        </WithStyles(ListItemIcon)>
        <WithStyles(ListItemText)
          primary="Test"
        />
      </WithStyles(ListItem)>
      <WithStyles(ListItem)
        button={true}
        onClick={[Function]}
      >
        <WithStyles(ListItemIcon)>
          <pure(PeopleIcon) />
        </WithStyles(ListItemIcon)>
        <WithStyles(ListItemText)
          primary="Benötigte Teilnehmer"
        />
        <pure(ExpandLessIcon) />
      </WithStyles(ListItem)>
      <WithStyles(Collapse)
        in={true}
        timeout="auto"
        unmountOnExit={true}
      >
        <WithStyles(List)
          component="div"
          dense={true}
          disablePadding={true}
          id="requiredAttendees"
        >
          <WithStyles(ListItem)
            className="MeetingDetailsView-nested-3"
            key="test.pr.mitarbeiter2@senacor.com"
          >
            <WithStyles(ListItemIcon)>
              <pure(PersonIcon) />
            </WithStyles(ListItemIcon)>
            <WithStyles(ListItemText)
              inset={true}
              primary="PR Mitarbeiter2 <test.pr.mitarbeiter2@senacor.com>"
              secondary="Status: Abgelehnt"
            />
          </WithStyles(ListItem)>
        </WithStyles(List)>
      </WithStyles(Collapse)>
    </WithStyles(List)>
  </div>
  <WithStyles(PrStatusActionButton)
    inputClass="MeetingDetailsView-buttonPosition-5"
    label="neuen Termin erstellen"
  />
</div>
`;
