// Jest Snapshot v1, https://goo.gl/fbAQLP

exports[`PrDetailInformation Component should match snapshot 1`] = `
<div
  className="PrDetailInformation-root-1"
>
  <WithStyles(ExpansionPanel)>
    <WithStyles(ExpansionPanelSummary)
      expandIcon={<pure(ExpandMoreIcon) />}
    >
      <div
        className="PrDetailInformation-avatarContainer-2"
      >
        <WithStyles(Avatar)
          className="PrDetailInformation-avatar-3"
        >
          MM
        </WithStyles(Avatar)>
      </div>
      <div
        className="PrDetailInformation-heading-4"
      >
        <WithStyles(Typography)
          variant="body2"
        >
          Michaela Mitarbeiterin
        </WithStyles(Typography)>
        <WithStyles(Typography)
          color="textSecondary"
          variant="body2"
        >
          Fälligkeit: 06.12.2018, ACD_BOOT, DEV, Auf Nachfrage, Termin: 04.12.2018
        </WithStyles(Typography)>
        <WithStyles(List)
          className="PrDetailInformation-list-5"
        >
          <WithStyles(ListItem)
            className="PrDetailInformation-list-5"
          >
            <WithStyles(Typography)
              color="textSecondary"
              variant="body2"
            >
              Vorgesetzter: Manuela Bock
            </WithStyles(Typography)>
            <WithStyles(ShowReviewer)
              pr={
                Object {
                  "competence": "DEVELOPMENT",
                  "deadline": "2018-12-06",
                  "employee": Object {
                    "firstName": "Michaela",
                    "id": 501,
                    "lastName": "Mitarbeiterin",
                    "login": "mmitarbeiterin",
                  },
                  "meeting": Object {
                    "start": "2018-12-04",
                  },
                  "occasion": "ON_DEMAND",
                  "reviewer": Object {
                    "firstName": "Martin",
                    "id": 503,
                    "lastName": "Mitarbeiter",
                    "login": "mmitarbeiter",
                  },
                  "statuses": Array [
                    "ALL_DATES_ACCEPTED",
                  ],
                  "supervisor": Object {
                    "firstName": "Manuela",
                    "id": 54,
                    "lastName": "Bock",
                    "login": "mbock",
                  },
                }
              }
              prefix=", Beurteiler: "
              username="mmitarbeiterin"
            />
          </WithStyles(ListItem)>
        </WithStyles(List)>
      </div>
      <div>
        <Connect(BackToTableButton)
          pr={
            Object {
              "competence": "DEVELOPMENT",
              "deadline": "2018-12-06",
              "employee": Object {
                "firstName": "Michaela",
                "id": 501,
                "lastName": "Mitarbeiterin",
                "login": "mmitarbeiterin",
              },
              "meeting": Object {
                "start": "2018-12-04",
              },
              "occasion": "ON_DEMAND",
              "reviewer": Object {
                "firstName": "Martin",
                "id": 503,
                "lastName": "Mitarbeiter",
                "login": "mmitarbeiter",
              },
              "statuses": Array [
                "ALL_DATES_ACCEPTED",
              ],
              "supervisor": Object {
                "firstName": "Manuela",
                "id": 54,
                "lastName": "Bock",
                "login": "mbock",
              },
            }
          }
        />
      </div>
    </WithStyles(ExpansionPanelSummary)>
    <WithStyles(ExpansionPanelDetails)>
      <WithStyles(Grid)
        container={true}
        spacing={24}
      >
        <WithStyles(Grid)
          item={true}
          xs={4}
        >
          <PrHistory />
        </WithStyles(Grid)>
        <WithStyles(Grid)
          item={true}
          xs={4}
        />
      </WithStyles(Grid)>
    </WithStyles(ExpansionPanelDetails)>
  </WithStyles(ExpansionPanel)>
</div>
`;
