// Jest Snapshot v1, https://goo.gl/fbAQLP

exports[`PrHistory Component should match snapshot 1`] = `
<div
  style={
    Object {
      "maxHeight": "200px",
      "overflow": "auto",
    }
  }
>
  <WithStyles(Table)
    padding="none"
  >
    <WithStyles(TableHead)>
      <WithStyles(TableRow)>
        <WithStyles(TableCell)
          padding="none"
        >
          Datum
        </WithStyles(TableCell)>
        <WithStyles(TableCell)
          padding="none"
        >
          Link
        </WithStyles(TableCell)>
      </WithStyles(TableRow)>
    </WithStyles(TableHead)>
    <WithStyles(TableBody)>
      <WithStyles(TableRow)
        key="15"
      >
        <WithStyles(TableCell)
          padding="none"
        >
          2017-11-11
        </WithStyles(TableCell)>
        <WithStyles(TableCell)
          padding="none"
        >
          <Connect(DownloadFile) />
        </WithStyles(TableCell)>
      </WithStyles(TableRow)>
      <WithStyles(TableRow)
        key="24"
      >
        <WithStyles(TableCell)
          padding="none"
        >
          2017-02-10
        </WithStyles(TableCell)>
        <WithStyles(TableCell)
          padding="none"
        >
          <Connect(DownloadFile) />
        </WithStyles(TableCell)>
      </WithStyles(TableRow)>
    </WithStyles(TableBody)>
  </WithStyles(Table)>
</div>
`;
