// Jest Snapshot v1, https://goo.gl/fbAQLP

exports[`PerformanceReviewDetail Component should match snapshot 1`] = `
<WithStyles(Stepper)
  activeStep={1}
  className="PrStateStepper-stepper-1"
  classes={
    Object {
      "root": "PrStateStepper-stepperRoot-4",
    }
  }
  connector={
    <WithStyles(StepConnector)
      classes={
        Object {
          "root": "PrStateStepper-stepConnectorRoot-5",
        }
      }
    />
  }
  orientation="horizontal"
>
  <WithStyles(Step)
    key="Vorbereitung"
  >
    <WithStyles(StepLabel)
      classes={
        Object {
          "root": "PrStateStepper-stepLabelRoot-3",
        }
      }
    >
      <WithStyles(Typography)
        className="PrStateStepper-mainStepLabel-2"
        gutterBottom={true}
        variant="subheading"
      >
        Vorbereitung
      </WithStyles(Typography)>
      <WithStyles(List)>
        <WithStyles(PrSubstepItem)
          key="SubStepGrid_0"
          substep={
            Object {
              "isCompleted": true,
              "isCurrentUserActionPerformer": false,
              "label": "Mitarbeiter: ",
              "rendering": Object {
                "complete": "Abgeschlossen",
                "incompleteForActionPerformer": <WithStyles(PrStatusActionButton)
                  label="Freigabe"
                  releaseButtonClick={undefined}
            />,
                "incompleteForNonActionPerformer": "Nicht abgeschlossen",
              },
            }
          }
        />
        <WithStyles(PrSubstepItem)
          key="SubStepGrid_1"
          substep={
            Object {
              "isCompleted": false,
              "isCurrentUserActionPerformer": true,
              "label": "Beurteiler: ",
              "rendering": Object {
                "complete": "Abgeschlossen",
                "incompleteForActionPerformer": <WithStyles(PrStatusActionButton)
                  label="Freigabe"
                  releaseButtonClick={undefined}
            />,
                "incompleteForNonActionPerformer": "Nicht abgeschlossen",
              },
            }
          }
        />
        <WithStyles(PrSubstepItem)
          key="SubStepGrid_2"
          substep={
            Object {
              "isCompleted": false,
              "isCurrentUserActionPerformer": true,
              "label": "Terminfindung",
              "rendering": Object {
                "complete": "Alle Teilnehmer haben zugesagt",
                "incompleteForActionPerformer": "Nicht abgeschlossen",
                "incompleteForNonActionPerformer": "Nicht abgeschlossen",
              },
            }
          }
        />
      </WithStyles(List)>
    </WithStyles(StepLabel)>
  </WithStyles(Step)>
  <WithStyles(Step)
    key="Gespräch"
  >
    <WithStyles(StepLabel)
      classes={
        Object {
          "root": "PrStateStepper-stepLabelRoot-3",
        }
      }
    >
      <WithStyles(Typography)
        className="PrStateStepper-mainStepLabel-2"
        gutterBottom={true}
        variant="subheading"
      >
        Gespräch
      </WithStyles(Typography)>
      <WithStyles(List)>
        <WithStyles(PrSubstepItem)
          key="SubStepGrid_0"
          substep={
            Object {
              "isCompleted": false,
              "isCurrentUserActionPerformer": true,
              "label": "Beurteiler: ",
              "rendering": Object {
                "complete": <div>
                  Abgeschlossen
            </div>,
                "incompleteForActionPerformer": <WithStyles(PrStatusActionButton)
                  label="Freigabe"
                  releaseButtonClick={undefined}
            />,
                "incompleteForNonActionPerformer": "Nicht abgeschlossen",
              },
            }
          }
        />
      </WithStyles(List)>
    </WithStyles(StepLabel)>
  </WithStyles(Step)>
  <WithStyles(Step)
    key="Abschluss"
  >
    <WithStyles(StepLabel)
      classes={
        Object {
          "root": "PrStateStepper-stepLabelRoot-3",
        }
      }
    >
      <WithStyles(Typography)
        className="PrStateStepper-mainStepLabel-2"
        gutterBottom={true}
        variant="subheading"
      >
        Abschluss
      </WithStyles(Typography)>
    </WithStyles(StepLabel)>
  </WithStyles(Step)>
  <WithStyles(Step)
    key="Archivieren"
  >
    <WithStyles(StepLabel)
      classes={
        Object {
          "root": "PrStateStepper-stepLabelRoot-3",
        }
      }
    >
      <WithStyles(Typography)
        className="PrStateStepper-mainStepLabel-2"
        gutterBottom={true}
        variant="subheading"
      >
        Archivieren
      </WithStyles(Typography)>
    </WithStyles(StepLabel)>
  </WithStyles(Step)>
</WithStyles(Stepper)>
`;
