// Jest Snapshot v1, https://goo.gl/fbAQLP

exports[`PerformanceReviewDetail Component should match snapshot 1`] = `
<div
  className="PrTabs-root-1"
>
  <WithStyles(Paper)
    className="PrTabs-paper-2"
  >
    <WithStyles(Tabs)
      classes={
        Object {
          "indicator": "PrTabs-indicator-3",
        }
      }
      fullWidth={true}
      indicatorColor="secondary"
      onChange={[Function]}
      value="SCHEDULE_VIEW"
    >
      <WithStyles(Tab)
        classes={
          Object {
            "root": "PrTabs-tabStyle-4",
          }
        }
        label="Details"
        value="DETAIL_VIEW"
      />
      <WithStyles(Tab)
        classes={
          Object {
            "root": "PrTabs-tabStyle-4",
          }
        }
        label="Terminfindung"
        value="SCHEDULE_VIEW"
      />
    </WithStyles(Tabs)>
  </WithStyles(Paper)>
  <TabContainer>
    <Connect(SchedulingView) />
  </TabContainer>
</div>
`;
