// Jest Snapshot v1, https://goo.gl/fbAQLP

exports[`Dashboard component should match snapshot 1`] = `
<div
  className="Dashboard-columnContainer-2"
>
  <div
    className="Dashboard-rowContainer-1"
  >
    <WithStyles(Card)
      className="Dashboard-card-3"
    >
      <WithStyles(CardContent)>
        <WithStyles(Typography)
          component="h2"
          variant="h5"
        >
          5
        </WithStyles(Typography)>
        <WithStyles(Typography)
          color="textSecondary"
        >
          offene PRs
        </WithStyles(Typography)>
      </WithStyles(CardContent)>
    </WithStyles(Card)>
    <WithStyles(Card)
      className="Dashboard-card-3"
    >
      <WithStyles(CardContent)>
        <WithStyles(Typography)
          component="h2"
          variant="h5"
        >
          18
        </WithStyles(Typography)>
        <WithStyles(Typography)
          color="textSecondary"
        >
          Kollegen im CST
        </WithStyles(Typography)>
      </WithStyles(CardContent)>
    </WithStyles(Card)>
  </div>
  <WithStyles(EventList)
    events={
      Object {
        "1": Object {
          "_links": Object {
            "self": Object {
              "href": "http://localhost:8010/api/v1/events/1",
            },
          },
          "createdAt": "2018-07-09T14:54:25.675+0000",
          "employee": Object {
            "dateOfLastPr": "2019-08-30",
            "firstName": "Michaela",
            "id": 3,
            "lastName": "Mitarbeiterin",
          },
          "eventType": "EMPLOYEE_RELEASED_PR",
          "eventableEntityId": 1,
          "eventableEntityType": "pr",
          "id": 1,
        },
        "2": Object {
          "_links": Object {
            "self": Object {
              "href": "http://localhost:8010/api/v1/events/1",
            },
          },
          "createdAt": "2018-07-09T14:54:25.675+0000",
          "employee": Object {
            "dateOfLastPr": "2019-08-30",
            "firstName": "Michaela",
            "id": 3,
            "lastName": "Mitarbeiterin",
          },
          "eventType": "EMPLOYEE_RELEASED_PR",
          "eventableEntityId": 1,
          "eventableEntityType": "pr",
          "id": 2,
        },
        "3": Object {
          "_links": Object {
            "self": Object {
              "href": "http://localhost:8010/api/v1/events/1",
            },
          },
          "createdAt": "2018-07-09T14:54:25.675+0000",
          "employee": Object {
            "dateOfLastPr": "2019-08-30",
            "firstName": "Michaela",
            "id": 3,
            "lastName": "Mitarbeiterin",
          },
          "eventType": "EMPLOYEE_RELEASED_PR",
          "eventableEntityId": 1,
          "eventableEntityType": "pr",
          "id": 3,
        },
        "4": Object {
          "_links": Object {
            "self": Object {
              "href": "http://localhost:8010/api/v1/events/1",
            },
          },
          "createdAt": "2018-07-09T14:54:25.675+0000",
          "employee": Object {
            "dateOfLastPr": "2019-08-30",
            "firstName": "Michaela",
            "id": 3,
            "lastName": "Mitarbeiterin",
          },
          "eventType": "EMPLOYEE_RELEASED_PR",
          "eventableEntityId": 1,
          "eventableEntityType": "pr",
          "id": 4,
        },
        "5": Object {
          "_links": Object {
            "self": Object {
              "href": "http://localhost:8010/api/v1/events/1",
            },
          },
          "createdAt": "2018-07-09T14:54:25.675+0000",
          "employee": Object {
            "dateOfLastPr": "2019-08-30",
            "firstName": "Michaela",
            "id": 3,
            "lastName": "Mitarbeiterin",
          },
          "eventType": "EMPLOYEE_RELEASED_PR",
          "eventableEntityId": 1,
          "eventableEntityType": "pr",
          "id": 5,
        },
      }
    }
  />
</div>
`;
