// Jest Snapshot v1, https://goo.gl/fbAQLP

exports[`Dashboard component should match snapshot 1`] = `
<div
  className="Dashboard-columnContainer-2"
>
  <div
    className="Dashboard-rowContainer-1"
  >
    <WithStyles(Card)
      className="Dashboard-card-3"
    >
      <WithStyles(CardContent)>
        <WithStyles(Typography)
          component="h2"
          variant="h5"
        >
          5
        </WithStyles(Typography)>
        <WithStyles(Typography)
          color="textSecondary"
        >
          offene PRs
        </WithStyles(Typography)>
      </WithStyles(CardContent)>
    </WithStyles(Card)>
    <WithStyles(Card)
      className="Dashboard-card-3"
    >
      <WithStyles(CardContent)>
        <WithStyles(Typography)
          component="h2"
          variant="h5"
        >
          18
        </WithStyles(Typography)>
        <WithStyles(Typography)
          color="textSecondary"
        >
          Kollegen im CST
        </WithStyles(Typography)>
      </WithStyles(CardContent)>
    </WithStyles(Card)>
  </div>
</div>
`;
