// Jest Snapshot v1, https://goo.gl/fbAQLP

exports[`Dashboard component should match snapshot 1`] = `
<div
  className="Dashboard-columnContainer-2"
>
  <div
    className="Dashboard-rowContainer-1"
  />
  <div
    className="Dashboard-rowContainer-1"
  >
    <WithStyles(Card)
      className="Dashboard-card-3"
    >
      <WithStyles(CardContent)>
        <WithStyles(Typography)
          component="h2"
          variant="h5"
        >
          Achtung: Beta-Phase!
        </WithStyles(Typography)>
        <WithStyles(Typography)
          color="textSecondary"
        >
          Willkommen im Performance-Review-Portal. 
          <br />
          Dies ist die erste Testphase. Bugs, Feedback und Fragen gerne an
          <a
            href="mailto:Tuan-Si.Tran@senacor.com"
          >
            Si Tran (Tuan-Si.Tran@senacor.com)
          </a>
          richten, damit wir uns zeitnah darum kümmern können. 
          <br />
          <br />
          Da wir parallel am Portal weiterentwickeln, werden wir unter der Woche immer zwischen 9-10 Uhr das System updaten. Im Normalfall solltet ihr keine Beeinträchtigung bemerken. 
          <br />
          <br />
          Wir wünschen viel Spaß beim Testen!
        </WithStyles(Typography)>
      </WithStyles(CardContent)>
    </WithStyles(Card)>
  </div>
</div>
`;
