// Jest Snapshot v1, https://goo.gl/fbAQLP

exports[`Dashboard component should match snapshot 1`] = `
<WithStyles(List)
  component="nav"
  subheader={
    <WithStyles(ListSubheader)
      component="div"
    >
      Letzte Aktivitäten
    </WithStyles(ListSubheader)>
  }
>
  <WithStyles(ListItem)
    className="EventList-thinItem-1"
    key="1"
  >
    <WithStyles(Chip)
      className="EventList-chip-3"
      label="09.07.2018 14:54"
    />
    <WithStyles(Chip)
      className="EventList-chip-3 "
      label="pr"
      name="typeChip1"
    />
    <WithStyles(ListItemText)
      className="EventList-listItemTextMobile-2"
      name="description1"
      primary="undefined"
    />
  </WithStyles(ListItem)>
  <WithStyles(ListItem)
    className="EventList-thinItem-1"
    key="2"
  >
    <WithStyles(Chip)
      className="EventList-chip-3"
      label="09.07.2018 14:54"
    />
    <WithStyles(Chip)
      className="EventList-chip-3 "
      label="pr"
      name="typeChip2"
    />
    <WithStyles(ListItemText)
      className="EventList-listItemTextMobile-2"
      name="description2"
      primary="undefined"
    />
  </WithStyles(ListItem)>
  <WithStyles(ListItem)
    className="EventList-thinItem-1"
    key="3"
  >
    <WithStyles(Chip)
      className="EventList-chip-3"
      label="09.07.2018 14:54"
    />
    <WithStyles(Chip)
      className="EventList-chip-3 "
      label="pr"
      name="typeChip3"
    />
    <WithStyles(ListItemText)
      className="EventList-listItemTextMobile-2"
      name="description3"
      primary="undefined"
    />
  </WithStyles(ListItem)>
  <WithStyles(ListItem)
    className="EventList-thinItem-1"
    key="4"
  >
    <WithStyles(Chip)
      className="EventList-chip-3"
      label="09.07.2018 14:54"
    />
    <WithStyles(Chip)
      className="EventList-chip-3 "
      label="pr"
      name="typeChip4"
    />
    <WithStyles(ListItemText)
      className="EventList-listItemTextMobile-2"
      name="description4"
      primary="undefined"
    />
  </WithStyles(ListItem)>
  <WithStyles(ListItem)
    className="EventList-thinItem-1"
    key="5"
  >
    <WithStyles(Chip)
      className="EventList-chip-3"
      label="09.07.2018 14:54"
    />
    <WithStyles(Chip)
      className="EventList-chip-3 "
      label="pr"
      name="typeChip5"
    />
    <WithStyles(ListItemText)
      className="EventList-listItemTextMobile-2"
      name="description5"
      primary="undefined"
    />
  </WithStyles(ListItem)>
</WithStyles(List)>
`;
