// Jest Snapshot v1, https://goo.gl/fbAQLP

exports[`EnhancedTableHead component should match snapshot 1`] = `
<TableHead
  classes={
    Object {
      "root": "MuiTableHead-root-1",
    }
  }
  component="thead"
>
  <WithStyles(TableRow)>
    <WithStyles(TableCell)
      key="0"
      numeric={false}
      padding="default"
      sortDirection="asc"
    >
      <WithStyles(List)>
        <WithStyles(ListItem)>
          <Connect(PopperSearchMenu)>
            <Connect(EmployeeFilter)
              filterBy="employee"
              filterGroup="hr"
            />
          </Connect(PopperSearchMenu)>
          <WithStyles(TableSortLabel)
            active={true}
            direction="asc"
            onClick={[Function]}
          >
            Mitarbeiter
          </WithStyles(TableSortLabel)>
        </WithStyles(ListItem)>
      </WithStyles(List)>
    </WithStyles(TableCell)>
  </WithStyles(TableRow)>
</TableHead>
`;
