// Jest Snapshot v1, https://goo.gl/fbAQLP

exports[`EnhancedTableHead component should match snapshot 1`] = `
<TableHead
  classes={
    Object {
      "root": "MuiTableHead-root-1",
    }
  }
  component="thead"
>
  <WithStyles(TableRow)>
    <WithStyles(TableCell)
      key="employee"
      numeric={false}
      padding="default"
      sortDirection="asc"
    >
      <WithStyles(TableSortLabel)
        active={true}
        className="employee"
        direction="asc"
        onClick={[Function]}
      >
        Mitarbeiter
      </WithStyles(TableSortLabel)>
    </WithStyles(TableCell)>
    <WithStyles(TableCell)
      key="deadline"
      numeric={false}
      padding="none"
      sortDirection={false}
    >
      <WithStyles(TableSortLabel)
        active={false}
        className="deadline"
        direction="asc"
        onClick={[Function]}
      >
        Fälligkeit
      </WithStyles(TableSortLabel)>
    </WithStyles(TableCell)>
    <WithStyles(TableCell)
      key="prOccasion"
      numeric={false}
      padding="default"
      sortDirection={false}
    >
      <WithStyles(TableSortLabel)
        active={false}
        className="prOccasion"
        direction="asc"
        onClick={[Function]}
      >
        Grund
      </WithStyles(TableSortLabel)>
    </WithStyles(TableCell)>
    <WithStyles(TableCell)
      key="projectCst"
      numeric={false}
      padding="default"
      sortDirection={false}
    >
      <WithStyles(TableSortLabel)
        active={false}
        className="projectCst"
        direction="asc"
        onClick={[Function]}
      >
        Projektkst
      </WithStyles(TableSortLabel)>
    </WithStyles(TableCell)>
    <WithStyles(TableCell)
      key="competence"
      numeric={false}
      padding="none"
      sortDirection={false}
    >
      <WithStyles(TableSortLabel)
        active={false}
        className="competence"
        direction="asc"
        onClick={[Function]}
      >
        Dev/Con
      </WithStyles(TableSortLabel)>
    </WithStyles(TableCell)>
    <WithStyles(TableCell)
      key="level"
      numeric={false}
      padding="none"
      sortDirection={false}
    >
      <WithStyles(TableSortLabel)
        active={false}
        className="level"
        direction="asc"
        onClick={[Function]}
      >
        level
      </WithStyles(TableSortLabel)>
    </WithStyles(TableCell)>
    <WithStyles(TableCell)
      key="supervisor"
      numeric={false}
      padding="none"
      sortDirection={false}
    >
      <WithStyles(TableSortLabel)
        active={false}
        className="supervisor"
        direction="asc"
        onClick={[Function]}
      >
        Vorgesetzte/r
      </WithStyles(TableSortLabel)>
    </WithStyles(TableCell)>
    <WithStyles(TableCell)
      key="reviewer"
      numeric={false}
      padding="none"
      sortDirection={false}
    >
      <WithStyles(TableSortLabel)
        active={false}
        className="reviewer"
        direction="asc"
        onClick={[Function]}
      >
        Bewerter
      </WithStyles(TableSortLabel)>
    </WithStyles(TableCell)>
    <WithStyles(TableCell)
      key="result"
      numeric={false}
      padding="none"
      sortDirection={false}
    >
      <WithStyles(TableSortLabel)
        active={false}
        className="result"
        direction="asc"
        onClick={[Function]}
      >
        Bewertung
      </WithStyles(TableSortLabel)>
    </WithStyles(TableCell)>
    <WithStyles(TableCell)
      key="employeePreparationDone"
      numeric={false}
      padding="none"
      sortDirection={false}
    >
      <WithStyles(TableSortLabel)
        active={false}
        className="employeePreparationDone"
        direction="asc"
        onClick={[Function]}
      >
        MA ausgefüllt
      </WithStyles(TableSortLabel)>
    </WithStyles(TableCell)>
    <WithStyles(TableCell)
      key="reviewerPreparationDone"
      numeric={false}
      padding="default"
      sortDirection={false}
    >
      <WithStyles(TableSortLabel)
        active={false}
        className="reviewerPreparationDone"
        direction="asc"
        onClick={[Function]}
      >
        Beurteiler ausgefüllt
      </WithStyles(TableSortLabel)>
    </WithStyles(TableCell)>
    <WithStyles(TableCell)
      key="appointment"
      numeric={false}
      padding="none"
      sortDirection={false}
    >
      <WithStyles(TableSortLabel)
        active={false}
        className="appointment"
        direction="asc"
        onClick={[Function]}
      >
        Termin
      </WithStyles(TableSortLabel)>
    </WithStyles(TableCell)>
    <WithStyles(TableCell)
      key="inProgress"
      numeric={false}
      padding="none"
      sortDirection={false}
    >
      <WithStyles(TableSortLabel)
        active={false}
        className="inProgress"
        direction="asc"
        onClick={[Function]}
      >
        Finaler Status
      </WithStyles(TableSortLabel)>
    </WithStyles(TableCell)>
    <WithStyles(TableCell)
      key="humanResourceProcessingDone"
      numeric={false}
      padding="none"
      sortDirection={false}
    >
      <WithStyles(TableSortLabel)
        active={false}
        className="humanResourceProcessingDone"
        direction="asc"
        onClick={[Function]}
      >
        HR verarbeitet
      </WithStyles(TableSortLabel)>
    </WithStyles(TableCell)>
  </WithStyles(TableRow)>
</TableHead>
`;
