// Jest Snapshot v1, https://goo.gl/fbAQLP

exports[`OverviewPerformanceReviews should match snapshot 1`] = `
<PerformanceReviewTable
  classes={
    Object {
      "downloadExcelButton": "PerformanceReviewTable-downloadExcelButton-5",
      "emptyListMessage": "PerformanceReviewTable-emptyListMessage-4",
      "root": "PerformanceReviewTable-root-1",
      "table": "PerformanceReviewTable-table-2",
      "tableWrapper": "PerformanceReviewTable-tableWrapper-3",
    }
  }
  columnDefinition={
    Array [
      Object {
        "filter": <Connect(WithStyles(PopperSearchMenu))
          filterBy="employee"
          filterGroup="hr"
    >
          <Connect(EmployeeFilter) />
    </Connect(WithStyles(PopperSearchMenu))>,
        "label": "Mitarbeiter",
        "numeric": false,
        "render": [Function],
        "sortValue": [Function],
      },
      Object {
        "filter": <Connect(WithStyles(PopperSearchMenu))
          filterBy="deadline"
          filterGroup="hr"
    >
          <Connect(WithStyles(DateFilter)) />
    </Connect(WithStyles(PopperSearchMenu))>,
        "label": "Fälligkeit",
        "numeric": true,
        "render": [Function],
        "sortValue": [Function],
      },
      Object {
        "filter": <Connect(WithStyles(PopperSearchMenu))
          filterBy="occasion"
          filterGroup="hr"
    >
          <Connect(ListFilter)
                content={
                      Object {
                            "Auf Nachfrage": "ON_DEMAND",
                            "Ende der Probezeit": "END_PROBATION",
                            "Jährlich": "YEARLY",
                          }
                }
          />
    </Connect(WithStyles(PopperSearchMenu))>,
        "label": "Grund",
        "numeric": false,
        "render": [Function],
        "sortValue": [Function],
      },
      Object {
        "filter": <Connect(WithStyles(PopperSearchMenu))
          filterBy="projectCst"
          filterGroup="hr"
    >
          <Connect(ListFilter)
                content={
                      Object {
                            "ACD_BOOT": "ACD_BOOT",
                            "DEV_CAMP": "DEV_CAMP",
                          }
                }
          />
    </Connect(WithStyles(PopperSearchMenu))>,
        "label": "Projektkst",
        "numeric": false,
        "render": [Function],
        "sortValue": [Function],
      },
      Object {
        "filter": <Connect(WithStyles(PopperSearchMenu))
          filterBy="competence"
          filterGroup="hr"
    >
          <Connect(ListFilter)
                content={
                      Object {
                            "CON": "CONSULTING",
                            "DEV": "DEVELOPMENT",
                          }
                }
          />
    </Connect(WithStyles(PopperSearchMenu))>,
        "label": "Dev/Con",
        "numeric": false,
        "render": [Function],
        "sortValue": [Function],
      },
      Object {
        "filter": <Connect(WithStyles(PopperSearchMenu))
          filterBy="level"
          filterGroup="hr"
    >
          <Connect(ListFilter)
                content={
                      Object {
                            "1": "1",
                            "2": "2",
                          }
                }
          />
    </Connect(WithStyles(PopperSearchMenu))>,
        "label": "level",
        "numeric": true,
        "render": [Function],
        "sortValue": [Function],
      },
      Object {
        "filter": <Connect(WithStyles(PopperSearchMenu))
          filterBy="supervisor"
          filterGroup="hr"
    >
          <Connect(EmployeeFilter) />
    </Connect(WithStyles(PopperSearchMenu))>,
        "label": "Vorgesetzte/r",
        "numeric": false,
        "render": [Function],
        "sortValue": [Function],
      },
      Object {
        "filter": <Connect(WithStyles(PopperSearchMenu))
          filterBy="reviewer"
          filterGroup="hr"
    >
          <Connect(EmployeeFilter) />
    </Connect(WithStyles(PopperSearchMenu))>,
        "label": "Bewerter",
        "numeric": false,
        "render": [Function],
        "sortValue": [Function],
      },
      Object {
        "filter": <Connect(WithStyles(PopperSearchMenu))
          filterBy="overallAssessment"
          filterGroup="hr"
    >
          <Connect(ListFilter)
                content={
                      Object {
                            "erfüllt": "3",
                            "nicht erfüllt": "1",
                            "zT. nicht erfüllt": "2",
                            "zT. übererfüllt": "4",
                            "übererfüllt": "5",
                          }
                }
          />
    </Connect(WithStyles(PopperSearchMenu))>,
        "label": "Bewertung",
        "numeric": true,
        "render": [Function],
        "sortValue": [Function],
      },
      Object {
        "filter": <Connect(WithStyles(PopperSearchMenu))
          filterBy="employeePreparationDone"
          filterGroup="hr"
    >
          <Connect(ListFilter)
                content={
                      Object {
                            "ja": true,
                            "nein": false,
                          }
                }
          />
    </Connect(WithStyles(PopperSearchMenu))>,
        "label": "MA ausgefüllt",
        "numeric": false,
        "render": [Function],
        "sortValue": [Function],
      },
      Object {
        "filter": <Connect(WithStyles(PopperSearchMenu))
          filterBy="reviewerPreparationDone"
          filterGroup="hr"
    >
          <Connect(ListFilter)
                content={
                      Object {
                            "ja": true,
                            "nein": false,
                          }
                }
          />
    </Connect(WithStyles(PopperSearchMenu))>,
        "label": "Beurteiler ausgefüllt",
        "numeric": false,
        "render": [Function],
        "sortValue": [Function],
      },
      Object {
        "label": "Termin",
        "numeric": false,
        "render": [Function],
        "sortValue": [Function],
      },
      Object {
        "filter": <Connect(WithStyles(PopperSearchMenu))
          filterBy="inProgress"
          filterGroup="hr"
    >
          <Connect(ListFilter)
                content={
                      Object {
                            "abgeschlossen": false,
                            "laufend": true,
                          }
                }
          />
    </Connect(WithStyles(PopperSearchMenu))>,
        "label": "Finaler Status",
        "numeric": false,
        "render": [Function],
        "sortValue": [Function],
      },
      Object {
        "filter": <Connect(WithStyles(PopperSearchMenu))
          filterBy="humanResourceProcessingDone"
          filterGroup="hr"
    >
          <Connect(ListFilter)
                content={
                      Object {
                            "ja": true,
                            "nein": false,
                          }
                }
          />
    </Connect(WithStyles(PopperSearchMenu))>,
        "label": "HR verarbeitet",
        "numeric": false,
        "render": [Function],
        "sortValue": [Function],
      },
    ]
  }
  isHr={false}
  orderBy={1}
/>
`;
