// Jest Snapshot v1, https://goo.gl/fbAQLP

exports[`OverviewPerformanceReviews should match snapshot 1`] = `
<WithStyles(PerformanceReviewsTable)
  columnDefinition={
    Array [
      Object {
        "disablePadding": false,
        "filter": <Connect(PopperSearchMenu)
          filterBy="employee"
          filterGroup="hr"
    >
          <Connect(EmployeeFilter) />
    </Connect(PopperSearchMenu)>,
        "label": "Mitarbeiter",
        "numeric": false,
        "render": [Function],
        "sortValue": [Function],
      },
      Object {
        "disablePadding": true,
        "filter": <Connect(PopperSearchMenu)
          filterBy="deadline"
          filterGroup="hr"
    >
          <Connect(DateFilter) />
    </Connect(PopperSearchMenu)>,
        "label": "Fälligkeit",
        "numeric": true,
        "render": [Function],
        "sortValue": [Function],
      },
      Object {
        "disablePadding": false,
        "filter": <Connect(PopperSearchMenu)
          filterBy="occasion"
          filterGroup="hr"
    >
          <Connect(ListFilter)
                content={
                      Object {
                            "Auf Nachfrage": "ON_DEMAND",
                            "Ende der Probezeit": "END_PROBATION",
                            "Jährlich": "YEARLY",
                          }
                }
          />
    </Connect(PopperSearchMenu)>,
        "label": "Grund",
        "numeric": false,
        "render": [Function],
        "sortValue": [Function],
      },
      Object {
        "disablePadding": false,
        "label": "Projektkst",
        "numeric": false,
        "render": [Function],
        "sortValue": [Function],
      },
      Object {
        "disablePadding": true,
        "filter": <Connect(PopperSearchMenu)
          filterBy="competence"
          filterGroup="hr"
    >
          <Connect(ListFilter)
                content={
                      Object {
                            "CON": "CONSULTING",
                            "DEV": "DEVELOPMENT",
                          }
                }
          />
    </Connect(PopperSearchMenu)>,
        "label": "Dev/Con",
        "numeric": false,
        "render": [Function],
        "sortValue": [Function],
      },
      Object {
        "disablePadding": true,
        "filter": <Connect(PopperSearchMenu)
          filterBy="level"
          filterGroup="hr"
    >
          <Connect(ListFilter)
                content={
                      Object {
                            "1": 1,
                            "2": 2,
                          }
                }
          />
    </Connect(PopperSearchMenu)>,
        "label": "level",
        "numeric": true,
        "render": [Function],
        "sortValue": [Function],
      },
      Object {
        "disablePadding": true,
        "filter": <Connect(PopperSearchMenu)
          filterBy="supervisor"
          filterGroup="hr"
    >
          <Connect(EmployeeFilter) />
    </Connect(PopperSearchMenu)>,
        "label": "Vorgesetzte/r",
        "numeric": false,
        "render": [Function],
        "sortValue": [Function],
      },
      Object {
        "disablePadding": true,
        "filter": <Connect(PopperSearchMenu)
          filterBy="reviewer"
          filterGroup="hr"
    >
          <Connect(EmployeeFilter) />
    </Connect(PopperSearchMenu)>,
        "label": "Bewerter",
        "numeric": false,
        "render": [Function],
        "sortValue": [Function],
      },
      Object {
        "disablePadding": true,
        "label": "Bewertung",
        "numeric": false,
        "render": [Function],
        "sortValue": [Function],
      },
      Object {
        "disablePadding": true,
        "filter": <Connect(PopperSearchMenu)
          filterBy="isEmployeePreparationDone"
          filterGroup="hr"
    >
          <Connect(ListFilter)
                content={
                      Object {
                            "ja": true,
                            "nein": false,
                          }
                }
          />
    </Connect(PopperSearchMenu)>,
        "label": "MA ausgefüllt",
        "numeric": false,
        "render": [Function],
        "sortValue": [Function],
      },
      Object {
        "disablePadding": false,
        "filter": <Connect(PopperSearchMenu)
          filterBy="isReviewerPreparationDone"
          filterGroup="hr"
    >
          <Connect(ListFilter)
                content={
                      Object {
                            "ja": true,
                            "nein": false,
                          }
                }
          />
    </Connect(PopperSearchMenu)>,
        "label": "Beurteiler ausgefüllt",
        "numeric": false,
        "render": [Function],
        "sortValue": [Function],
      },
      Object {
        "disablePadding": true,
        "key": "appointment",
        "label": "Termin",
        "numeric": false,
        "render": [Function],
        "sortValue": [Function],
      },
      Object {
        "disablePadding": true,
        "filter": <Connect(PopperSearchMenu)
          filterBy="isInProgress"
          filterGroup="hr"
    >
          <Connect(ListFilter)
                content={
                      Object {
                            "abgeschlossen": false,
                            "laufend": true,
                          }
                }
          />
    </Connect(PopperSearchMenu)>,
        "label": "Finaler Status",
        "numeric": false,
        "render": [Function],
        "sortValue": [Function],
      },
      Object {
        "disablePadding": true,
        "filter": <Connect(PopperSearchMenu)
          filterBy="isHumanResourceProcessingDone"
          filterGroup="hr"
    >
          <Connect(ListFilter)
                content={
                      Object {
                            "ja": true,
                            "nein": false,
                          }
                }
          />
    </Connect(PopperSearchMenu)>,
        "label": "HR verarbeitet",
        "numeric": false,
        "render": [Function],
        "sortValue": [Function],
      },
    ]
  }
  orderBy={1}
/>
`;
