// Jest Snapshot v1, https://goo.gl/fbAQLP

exports[`PerformanceReviewsTable component should match snapshot 1`] = `
<WithStyles(Paper)
  className="PerformanceReviewsTable-root-1"
>
  <div
    className="PerformanceReviewsTable-tableWrapper-3"
  >
    <WithStyles(Table)
      aria-labelledby="tableTitle"
      className="PerformanceReviewsTable-table-2"
    >
      <WithStyles(EnhancedTableHead)
        columnDefinition={
          Array [
            Object {
              "disablePadding": false,
              "filter": <Connect(WithStyles(PopperSearchMenu))
                filterBy="employee"
                filterGroup="hr"
          >
                <Connect(EmployeeFilter) />
          </Connect(WithStyles(PopperSearchMenu))>,
              "label": "Mitarbeiter",
              "numeric": false,
              "render": [Function],
              "sortValue": [Function],
            },
            Object {
              "disablePadding": true,
              "filter": <Connect(WithStyles(PopperSearchMenu))
                filterBy="deadline"
                filterGroup="hr"
          >
                <Connect(WithStyles(DateFilter)) />
          </Connect(WithStyles(PopperSearchMenu))>,
              "label": "Fälligkeit",
              "numeric": true,
              "render": [Function],
              "sortValue": [Function],
            },
            Object {
              "disablePadding": false,
              "filter": <Connect(WithStyles(PopperSearchMenu))
                filterBy="occasion"
                filterGroup="hr"
          >
                <Connect(ListFilter)
                      content={
                            Object {
                                  "Auf Nachfrage": "ON_DEMAND",
                                  "Ende der Probezeit": "END_PROBATION",
                                  "Jährlich": "YEARLY",
                                }
                      }
                />
          </Connect(WithStyles(PopperSearchMenu))>,
              "label": "Grund",
              "numeric": false,
              "render": [Function],
              "sortValue": [Function],
            },
            Object {
              "disablePadding": false,
              "label": "Projektkst",
              "numeric": false,
              "render": [Function],
              "sortValue": [Function],
            },
            Object {
              "disablePadding": true,
              "filter": <Connect(WithStyles(PopperSearchMenu))
                filterBy="competence"
                filterGroup="hr"
          >
                <Connect(ListFilter)
                      content={
                            Object {
                                  "CON": "CONSULTING",
                                  "DEV": "DEVELOPMENT",
                                }
                      }
                />
          </Connect(WithStyles(PopperSearchMenu))>,
              "label": "Dev/Con",
              "numeric": false,
              "render": [Function],
              "sortValue": [Function],
            },
            Object {
              "disablePadding": true,
              "filter": <Connect(WithStyles(PopperSearchMenu))
                filterBy="level"
                filterGroup="hr"
          >
                <Connect(ListFilter)
                      content={
                            Object {
                                  "1": 1,
                                  "2": 2,
                                }
                      }
                />
          </Connect(WithStyles(PopperSearchMenu))>,
              "label": "level",
              "numeric": true,
              "render": [Function],
              "sortValue": [Function],
            },
            Object {
              "disablePadding": true,
              "filter": <Connect(WithStyles(PopperSearchMenu))
                filterBy="supervisor"
                filterGroup="hr"
          >
                <Connect(EmployeeFilter) />
          </Connect(WithStyles(PopperSearchMenu))>,
              "label": "Vorgesetzte/r",
              "numeric": false,
              "render": [Function],
              "sortValue": [Function],
            },
            Object {
              "disablePadding": true,
              "filter": <Connect(WithStyles(PopperSearchMenu))
                filterBy="reviewer"
                filterGroup="hr"
          >
                <Connect(EmployeeFilter) />
          </Connect(WithStyles(PopperSearchMenu))>,
              "label": "Bewerter",
              "numeric": false,
              "render": [Function],
              "sortValue": [Function],
            },
            Object {
              "disablePadding": true,
              "label": "Bewertung",
              "numeric": false,
              "render": [Function],
              "sortValue": [Function],
            },
            Object {
              "disablePadding": true,
              "filter": <Connect(WithStyles(PopperSearchMenu))
                filterBy="isEmployeePreparationDone"
                filterGroup="hr"
          >
                <Connect(ListFilter)
                      content={
                            Object {
                                  "ja": true,
                                  "nein": false,
                                }
                      }
                />
          </Connect(WithStyles(PopperSearchMenu))>,
              "label": "MA ausgefüllt",
              "numeric": false,
              "render": [Function],
              "sortValue": [Function],
            },
            Object {
              "disablePadding": false,
              "filter": <Connect(WithStyles(PopperSearchMenu))
                filterBy="isReviewerPreparationDone"
                filterGroup="hr"
          >
                <Connect(ListFilter)
                      content={
                            Object {
                                  "ja": true,
                                  "nein": false,
                                }
                      }
                />
          </Connect(WithStyles(PopperSearchMenu))>,
              "label": "Beurteiler ausgefüllt",
              "numeric": false,
              "render": [Function],
              "sortValue": [Function],
            },
            Object {
              "disablePadding": true,
              "key": "appointment",
              "label": "Termin",
              "numeric": false,
              "render": [Function],
              "sortValue": [Function],
            },
            Object {
              "disablePadding": true,
              "filter": <Connect(WithStyles(PopperSearchMenu))
                filterBy="isInProgress"
                filterGroup="hr"
          >
                <Connect(ListFilter)
                      content={
                            Object {
                                  "abgeschlossen": false,
                                  "laufend": true,
                                }
                      }
                />
          </Connect(WithStyles(PopperSearchMenu))>,
              "label": "Finaler Status",
              "numeric": false,
              "render": [Function],
              "sortValue": [Function],
            },
            Object {
              "disablePadding": true,
              "filter": <Connect(WithStyles(PopperSearchMenu))
                filterBy="isHumanResourceProcessingDone"
                filterGroup="hr"
          >
                <Connect(ListFilter)
                      content={
                            Object {
                                  "ja": true,
                                  "nein": false,
                                }
                      }
                />
          </Connect(WithStyles(PopperSearchMenu))>,
              "label": "HR verarbeitet",
              "numeric": false,
              "render": [Function],
              "sortValue": [Function],
            },
          ]
        }
        onRequestSort={[Function]}
        order="desc"
        orderBy={1}
      />
      <WithStyles(TableBody)>
        <WithStyles(TableRow)
          hover={true}
          key="0"
          tabIndex={-1}
        >
          <WithStyles(TableCell)
            key="0"
            padding="checkbox"
          >
            <Link
              replace={false}
              to="/prDetail/2"
            >
              Michaela Mitarbeiterin
            </Link>
          </WithStyles(TableCell)>
          <WithStyles(TableCell)
            key="1"
            padding="checkbox"
          >
            01.02.2018
          </WithStyles(TableCell)>
          <WithStyles(TableCell)
            key="2"
            padding="checkbox"
          >
            Auf Nachfrage
          </WithStyles(TableCell)>
          <WithStyles(TableCell)
            key="3"
            padding="checkbox"
          />
          <WithStyles(TableCell)
            key="4"
            padding="checkbox"
          >
            CON
          </WithStyles(TableCell)>
          <WithStyles(TableCell)
            key="5"
            padding="checkbox"
          >
            1
          </WithStyles(TableCell)>
          <WithStyles(TableCell)
            key="6"
            padding="checkbox"
          >
            Volker Vorgesetzter
          </WithStyles(TableCell)>
          <WithStyles(TableCell)
            key="7"
            padding="checkbox"
          >
            Volker Vorgesetzter
          </WithStyles(TableCell)>
          <WithStyles(TableCell)
            key="8"
            padding="checkbox"
          />
          <WithStyles(TableCell)
            key="9"
            padding="checkbox"
          >
            ja
          </WithStyles(TableCell)>
          <WithStyles(TableCell)
            key="10"
            padding="checkbox"
          >
            nein
          </WithStyles(TableCell)>
          <WithStyles(TableCell)
            key="11"
            padding="checkbox"
          />
          <WithStyles(TableCell)
            key="12"
            padding="checkbox"
          >
            abgeschlossen
          </WithStyles(TableCell)>
          <WithStyles(TableCell)
            key="13"
            padding="checkbox"
          >
            nein
          </WithStyles(TableCell)>
        </WithStyles(TableRow)>
        <WithStyles(TableRow)
          hover={true}
          key="1"
          tabIndex={-1}
        >
          <WithStyles(TableCell)
            key="0"
            padding="checkbox"
          >
            <Link
              replace={false}
              to="/prDetail/1"
            >
              Michaela Mitarbeiterin
            </Link>
          </WithStyles(TableCell)>
          <WithStyles(TableCell)
            key="1"
            padding="checkbox"
          >
            01.01.2018
          </WithStyles(TableCell)>
          <WithStyles(TableCell)
            key="2"
            padding="checkbox"
          >
            Auf Nachfrage
          </WithStyles(TableCell)>
          <WithStyles(TableCell)
            key="3"
            padding="checkbox"
          />
          <WithStyles(TableCell)
            key="4"
            padding="checkbox"
          >
            DEV
          </WithStyles(TableCell)>
          <WithStyles(TableCell)
            key="5"
            padding="checkbox"
          >
            1
          </WithStyles(TableCell)>
          <WithStyles(TableCell)
            key="6"
            padding="checkbox"
          >
            Volker Vorgesetzter
          </WithStyles(TableCell)>
          <WithStyles(TableCell)
            key="7"
            padding="checkbox"
          >
            Volker Vorgesetzter
          </WithStyles(TableCell)>
          <WithStyles(TableCell)
            key="8"
            padding="checkbox"
          />
          <WithStyles(TableCell)
            key="9"
            padding="checkbox"
          >
            ja
          </WithStyles(TableCell)>
          <WithStyles(TableCell)
            key="10"
            padding="checkbox"
          >
            nein
          </WithStyles(TableCell)>
          <WithStyles(TableCell)
            key="11"
            padding="checkbox"
          />
          <WithStyles(TableCell)
            key="12"
            padding="checkbox"
          >
            abgeschlossen
          </WithStyles(TableCell)>
          <WithStyles(TableCell)
            key="13"
            padding="checkbox"
          >
            nein
          </WithStyles(TableCell)>
        </WithStyles(TableRow)>
      </WithStyles(TableBody)>
    </WithStyles(Table)>
  </div>
  <WithStyles(TablePagination)
    backIconButtonProps={
      Object {
        "aria-label": "Previous Page",
      }
    }
    component="div"
    count={2}
    nextIconButtonProps={
      Object {
        "aria-label": "Next Page",
      }
    }
    onChangePage={[Function]}
    onChangeRowsPerPage={[Function]}
    page={0}
    rowsPerPage={25}
  />
</WithStyles(Paper)>
`;
