// Jest Snapshot v1, https://goo.gl/fbAQLP

exports[`PerformanceReviewsTable component should match snapshot 1`] = `
<WithStyles(Paper)
  className="EnhancedTable-root-1"
>
  <div
    className="EnhancedTable-tableWrapper-3"
  >
    <WithStyles(Table)
      aria-labelledby="tableTitle"
      className="EnhancedTable-table-2"
    >
      <EnhancedTableHead
        onRequestSort={[Function]}
        order="desc"
        orderBy="deadline"
        rowCount={2}
      />
      <WithStyles(TableBody)>
        <WithStyles(TableRow)
          hover={true}
          key="2"
          tabIndex={-1}
        >
          <WithStyles(TableCell)
            padding="none"
          >
            Michaela Mitarbeiterin
          </WithStyles(TableCell)>
          <WithStyles(TableCell)
            padding="none"
          >
            2018-02-01
          </WithStyles(TableCell)>
          <WithStyles(TableCell)
            padding="none"
          >
            <Translate
              content="ON_DEMAND"
            />
          </WithStyles(TableCell)>
          <WithStyles(TableCell)
            padding="none"
          />
          <WithStyles(TableCell)
            padding="none"
          >
            <Translate
              content="COMPETENCE_CONSULTANT"
            />
          </WithStyles(TableCell)>
          <WithStyles(TableCell)
            padding="none"
          >
            1
          </WithStyles(TableCell)>
          <WithStyles(TableCell)
            padding="none"
          >
            Volker Vorgesetzter
          </WithStyles(TableCell)>
          <WithStyles(TableCell)
            padding="none"
          />
          <WithStyles(TableCell)
            padding="none"
          >
            result
          </WithStyles(TableCell)>
          <WithStyles(TableCell)
            padding="none"
          >
            ja
          </WithStyles(TableCell)>
          <WithStyles(TableCell)
            padding="none"
          >
            nein
          </WithStyles(TableCell)>
          <WithStyles(TableCell)
            padding="none"
          />
          <WithStyles(TableCell)
            padding="none"
          >
            abgeschlossen
          </WithStyles(TableCell)>
          <WithStyles(TableCell)
            padding="none"
          >
            nein
          </WithStyles(TableCell)>
        </WithStyles(TableRow)>
        <WithStyles(TableRow)
          hover={true}
          key="1"
          tabIndex={-1}
        >
          <WithStyles(TableCell)
            padding="none"
          >
            Michaela Mitarbeiterin
          </WithStyles(TableCell)>
          <WithStyles(TableCell)
            padding="none"
          >
            2018-01-01
          </WithStyles(TableCell)>
          <WithStyles(TableCell)
            padding="none"
          >
            <Translate
              content="ON_DEMAND"
            />
          </WithStyles(TableCell)>
          <WithStyles(TableCell)
            padding="none"
          />
          <WithStyles(TableCell)
            padding="none"
          >
            <Translate
              content="COMPETENCE_DEVELOPMENT"
            />
          </WithStyles(TableCell)>
          <WithStyles(TableCell)
            padding="none"
          >
            1
          </WithStyles(TableCell)>
          <WithStyles(TableCell)
            padding="none"
          >
            Volker Vorgesetzter
          </WithStyles(TableCell)>
          <WithStyles(TableCell)
            padding="none"
          />
          <WithStyles(TableCell)
            padding="none"
          >
            result
          </WithStyles(TableCell)>
          <WithStyles(TableCell)
            padding="none"
          >
            ja
          </WithStyles(TableCell)>
          <WithStyles(TableCell)
            padding="none"
          >
            nein
          </WithStyles(TableCell)>
          <WithStyles(TableCell)
            padding="none"
          />
          <WithStyles(TableCell)
            padding="none"
          >
            abgeschlossen
          </WithStyles(TableCell)>
          <WithStyles(TableCell)
            padding="none"
          >
            nein
          </WithStyles(TableCell)>
        </WithStyles(TableRow)>
      </WithStyles(TableBody)>
    </WithStyles(Table)>
  </div>
  <WithStyles(TablePagination)
    backIconButtonProps={
      Object {
        "aria-label": "Previous Page",
      }
    }
    component="div"
    count={2}
    nextIconButtonProps={
      Object {
        "aria-label": "Next Page",
      }
    }
    onChangePage={[Function]}
    onChangeRowsPerPage={[Function]}
    page={0}
    rowsPerPage={25}
  />
</WithStyles(Paper)>
`;
