// Jest Snapshot v1, https://goo.gl/fbAQLP

exports[`PopperSearchMenu component should match snapshot 1`] = `
<div>
  <WithStyles(IconButton)
    onClick={[Function]}
  >
    <WithStyles(Icon)
      className="PopperSearchMenu-iconFilterSet-1"
    >
      filter_list
    </WithStyles(Icon)>
  </WithStyles(IconButton)>
  <WithStyles(Popover)
    anchorEl={null}
    anchorOrigin={
      Object {
        "horizontal": "center",
        "vertical": "bottom",
      }
    }
    id="simple-popper"
    onClick={[Function]}
    onClose={[Function]}
    open={false}
    transformOrigin={
      Object {
        "horizontal": "center",
        "vertical": "top",
      }
    }
  >
    <div>
      <Connect(EmployeeFilter)
        closeFilter={[Function]}
        icon="search"
      />
    </div>
  </WithStyles(Popover)>
</div>
`;
