// Jest Snapshot v1, https://goo.gl/fbAQLP

exports[`TableColumnSelector component should match snapshot 1`] = `
<WithStyles(List)
  className="TableColumnSelector-list-1"
>
  <WithStyles(ListItem)
    button={true}
    dense={true}
    key="selectAll"
    onClick={[Function]}
  >
    <WithStyles(Checkbox)
      checked={true}
      checkedIcon={
        <WithStyles(Icon)>
          check
        </WithStyles(Icon)>
      }
      className="TableColumnSelector-densed-2"
      color="primary"
      icon={<WithStyles(Icon) />}
      id="selectAll"
    />
    <WithStyles(ListItemText)
      primary="selectAll"
    />
  </WithStyles(ListItem)>
  <WithStyles(Divider) />
  <WithStyles(ListItem)
    button={true}
    dense={true}
    key="Mitarbeiter"
    onClick={[Function]}
  >
    <WithStyles(Checkbox)
      checked={true}
      checkedIcon={
        <WithStyles(Icon)>
          check
        </WithStyles(Icon)>
      }
      className="TableColumnSelector-densed-2"
      color="primary"
      icon={<WithStyles(Icon) />}
      id="Mitarbeiter"
    />
    <WithStyles(ListItemText)
      primary="Mitarbeiter"
    />
  </WithStyles(ListItem)>
  <WithStyles(ListItem)
    button={true}
    dense={true}
    key="Reviewer"
    onClick={[Function]}
  >
    <WithStyles(Checkbox)
      checked={true}
      checkedIcon={
        <WithStyles(Icon)>
          check
        </WithStyles(Icon)>
      }
      className="TableColumnSelector-densed-2"
      color="primary"
      icon={<WithStyles(Icon) />}
      id="Reviewer"
    />
    <WithStyles(ListItemText)
      primary="Reviewer"
    />
  </WithStyles(ListItem)>
</WithStyles(List)>
`;
