// Jest Snapshot v1, https://goo.gl/fbAQLP

exports[`Sidebar should match snapshot 1`] = `
<div
  className="Sidebar-root-1"
>
  <div
    className="Sidebar-row-4"
  >
    <div
      className="Sidebar-column-3"
    >
      <WithStyles(Avatar)
        alt="Maria Mueller"
        className="Sidebar-avatar-2"
      />
      <WithStyles(Typography)>
        Maria Mueller
      </WithStyles(Typography)>
    </div>
  </div>
  <WithStyles(Divider) />
  <WithStyles(List)
    component="nav"
  >
    <Connect(Authorized)
      key="Dashboard"
    >
      <WithStyles(ListItem)
        activeStyle={
          Object {
            "backgroundColor": "#DDD",
          }
        }
        component={[Function]}
        style={
          Object {
            "textDecoration": "none",
          }
        }
        to="/tasks"
      >
        <WithStyles(ListItemIcon)>
          <pure(Dashboard) />
        </WithStyles(ListItemIcon)>
        <WithStyles(ListItemText)
          disableTypography={true}
          primary={
            <div
              style={
                Object {
                  "color": "#000",
                }
              }
            >
              Dashboard
            </div>
          }
        />
      </WithStyles(ListItem)>
    </Connect(Authorized)>
    <Connect(Authorized)
      forRole="PR_CST_Leiter"
      key="PR Übersicht"
    >
      <WithStyles(ListItem)
        activeStyle={
          Object {
            "backgroundColor": "#DDD",
          }
        }
        component={[Function]}
        style={
          Object {
            "textDecoration": "none",
          }
        }
        to="/prs"
      >
        <WithStyles(ListItemIcon)>
          <pure(LibraryBooks) />
        </WithStyles(ListItemIcon)>
        <WithStyles(ListItemText)
          disableTypography={true}
          primary={
            <div
              style={
                Object {
                  "color": "#000",
                }
              }
            >
              PR Übersicht
            </div>
          }
        />
      </WithStyles(ListItem)>
    </Connect(Authorized)>
    <Connect(Authorized)
      forRole="PR_CST_Leiter"
      key="Mitarbeiter Übersicht"
    >
      <WithStyles(ListItem)
        activeStyle={
          Object {
            "backgroundColor": "#DDD",
          }
        }
        component={[Function]}
        style={
          Object {
            "textDecoration": "none",
          }
        }
        to="/cstmembers"
      >
        <WithStyles(ListItemIcon)>
          <pure(Group) />
        </WithStyles(ListItemIcon)>
        <WithStyles(ListItemText)
          disableTypography={true}
          primary={
            <div
              style={
                Object {
                  "color": "#000",
                }
              }
            >
              Mitarbeiter Übersicht
            </div>
          }
        />
      </WithStyles(ListItem)>
    </Connect(Authorized)>
    <Connect(Authorized)
      forRole="PR_Mitarbeiter"
      key="Eigene PRs"
    >
      <WithStyles(ListItem)
        activeStyle={
          Object {
            "backgroundColor": "#DDD",
          }
        }
        component={[Function]}
        style={
          Object {
            "textDecoration": "none",
          }
        }
        to="/myPrs"
      >
        <WithStyles(ListItemIcon)>
          <pure(AssignmentInd) />
        </WithStyles(ListItemIcon)>
        <WithStyles(ListItemText)
          disableTypography={true}
          primary={
            <div
              style={
                Object {
                  "color": "#000",
                }
              }
            >
              Eigene PRs
            </div>
          }
        />
      </WithStyles(ListItem)>
    </Connect(Authorized)>
    <Connect(Authorized)
      key="Logout"
    >
      <WithStyles(ListItem)
        activeStyle={
          Object {
            "backgroundColor": "#DDD",
          }
        }
        component={[Function]}
        style={
          Object {
            "textDecoration": "none",
          }
        }
        to="/logout"
      >
        <WithStyles(ListItemIcon)>
          <pure(PowerSettingsNew) />
        </WithStyles(ListItemIcon)>
        <WithStyles(ListItemText)
          disableTypography={true}
          primary={
            <div
              style={
                Object {
                  "color": "#000",
                }
              }
            >
              Logout
            </div>
          }
        />
      </WithStyles(ListItem)>
    </Connect(Authorized)>
  </WithStyles(List)>
  <WithStyles(Divider) />
  <WithStyles(CompositionNumber) />
</div>
`;
