// Jest Snapshot v1, https://goo.gl/fbAQLP

exports[`Sidebar should match snapshot 1`] = `
<div
  className="Component-root-1"
>
  <div
    className="Component-row-4"
  >
    <div
      className="Component-column-3"
    >
      <WithStyles(Avatar)
        alt="Remy Sharp"
        className="Component-avatar-2"
        src="/avatar.jpg"
      />
      <WithStyles(Typography)>
        Max Mustermann
      </WithStyles(Typography)>
    </div>
  </div>
  <WithStyles(Divider) />
  <WithStyles(List)
    component="nav"
  >
    <WithStyles(ListItem)
      activeStyle={
        Object {
          "backgroundColor": "#DDD",
        }
      }
      component={[Function]}
      key="Dashboard"
      style={
        Object {
          "textDecoration": "none",
        }
      }
      to="/tasks"
    >
      <WithStyles(ListItemIcon)>
        <pure(Dashboard) />
      </WithStyles(ListItemIcon)>
      <WithStyles(ListItemText)
        disableTypography={true}
        primary={
          <div
            style={
              Object {
                "color": "#000",
              }
            }
            type="h3"
          >
            Dashboard
          </div>
        }
      />
    </WithStyles(ListItem)>
    <WithStyles(ListItem)
      activeStyle={
        Object {
          "backgroundColor": "#DDD",
        }
      }
      component={[Function]}
      key="PR Übersicht"
      style={
        Object {
          "textDecoration": "none",
        }
      }
      to="/prs"
    >
      <WithStyles(ListItemIcon)>
        <pure(LibraryBooks) />
      </WithStyles(ListItemIcon)>
      <WithStyles(ListItemText)
        disableTypography={true}
        primary={
          <div
            style={
              Object {
                "color": "#000",
              }
            }
            type="h3"
          >
            PR Übersicht
          </div>
        }
      />
    </WithStyles(ListItem)>
    <WithStyles(ListItem)
      activeStyle={
        Object {
          "backgroundColor": "#DDD",
        }
      }
      component={[Function]}
      key="Mitarbeiter Übersicht"
      style={
        Object {
          "textDecoration": "none",
        }
      }
      to="/employees"
    >
      <WithStyles(ListItemIcon)>
        <pure(Group) />
      </WithStyles(ListItemIcon)>
      <WithStyles(ListItemText)
        disableTypography={true}
        primary={
          <div
            style={
              Object {
                "color": "#000",
              }
            }
            type="h3"
          >
            Mitarbeiter Übersicht
          </div>
        }
      />
    </WithStyles(ListItem)>
    <WithStyles(ListItem)
      activeStyle={
        Object {
          "backgroundColor": "#DDD",
        }
      }
      component={[Function]}
      key="Eigene PRs"
      style={
        Object {
          "textDecoration": "none",
        }
      }
      to="/myPrs"
    >
      <WithStyles(ListItemIcon)>
        <pure(AssignmentInd) />
      </WithStyles(ListItemIcon)>
      <WithStyles(ListItemText)
        disableTypography={true}
        primary={
          <div
            style={
              Object {
                "color": "#000",
              }
            }
            type="h3"
          >
            Eigene PRs
          </div>
        }
      />
    </WithStyles(ListItem)>
    <WithStyles(ListItem)
      activeStyle={
        Object {
          "backgroundColor": "#DDD",
        }
      }
      component={[Function]}
      key="Logout"
      style={
        Object {
          "textDecoration": "none",
        }
      }
      to="/logout"
    >
      <WithStyles(ListItemIcon)>
        <pure(PowerSettingsNew) />
      </WithStyles(ListItemIcon)>
      <WithStyles(ListItemText)
        disableTypography={true}
        primary={
          <div
            style={
              Object {
                "color": "#000",
              }
            }
            type="h3"
          >
            Logout
          </div>
        }
      />
    </WithStyles(ListItem)>
  </WithStyles(List)>
  <WithStyles(Divider) />
  <WithStyles(CompositionNumber) />
</div>
`;
