// Jest Snapshot v1, https://goo.gl/fbAQLP

exports[`EmployeeSearch Component should display the search field 1`] = `
<div
  className="EmployeeSearch-box-1"
>
  <TextField
    InputProps={
      Object {
        "name": "employeeSearchValue",
      }
    }
    label="Name, Email, ..."
    onChange={[Function]}
    required={false}
    select={false}
    value="Ma"
    variant="standard"
  />
  <WithStyles(List)
    className="EmployeeSearch-employeeList-2"
    component="nav"
    dense={true}
    id="employeeSearchResultList"
  >
    <WithStyles(PlotEmployeeSearchList)
      excludeList={Array []}
      searchResults={
        Array [
          Object {
            "firstName": "Michaela",
            "id": 502,
            "lastName": "Mitarbeiterin",
          },
          Object {
            "firstName": "Martin",
            "id": 503,
            "lastName": "Mitarbeiter",
          },
          Object {
            "firstName": "Manuela",
            "id": 501,
            "lastName": "Vorgesetzter",
          },
        ]
      }
      selectEmployee={[Function]}
    />
  </WithStyles(List)>
</div>
`;
