// Jest Snapshot v1, https://goo.gl/fbAQLP

exports[`EmployeeSearch Component should display the search field 1`] = `
<div
  className="EmployeeSearch-box-1"
>
  <TextField
    InputProps={
      Object {
        "name": "employeeSearchValue",
      }
    }
    label="Name, Email, ..."
    onChange={[Function]}
    required={false}
    select={false}
    value="Ma"
    variant="standard"
  />
  <WithStyles(List)
    className="EmployeeSearch-employeeList-3"
    component="nav"
    dense={true}
    id="employeeSearchResultList"
  >
    <WithStyles(ListItem) />
    <div
      key="502"
    >
      <WithStyles(ListItem)
        button={true}
        className="EmployeeSearch-listItem-2"
        onClick={[Function]}
      >
        <WithStyles(Avatar)
          className="EmployeeSearch-avatar-4"
        >
          M
          M
        </WithStyles(Avatar)>
        <WithStyles(ListItemText)
          primary="Michaela Mitarbeiterin"
        />
      </WithStyles(ListItem)>
      <WithStyles(Divider) />
    </div>
    <div
      key="503"
    >
      <WithStyles(ListItem)
        button={true}
        className="EmployeeSearch-listItem-2"
        onClick={[Function]}
      >
        <WithStyles(Avatar)
          className="EmployeeSearch-avatar-4"
        >
          M
          M
        </WithStyles(Avatar)>
        <WithStyles(ListItemText)
          primary="Martin Mitarbeiter"
        />
      </WithStyles(ListItem)>
      <WithStyles(Divider) />
    </div>
    <div
      key="501"
    >
      <WithStyles(ListItem)
        button={true}
        className="EmployeeSearch-listItem-2"
        onClick={[Function]}
      >
        <WithStyles(Avatar)
          className="EmployeeSearch-avatar-4"
        >
          M
          V
        </WithStyles(Avatar)>
        <WithStyles(ListItemText)
          primary="Manuela Vorgesetzter"
        />
      </WithStyles(ListItem)>
      <WithStyles(Divider) />
    </div>
  </WithStyles(List)>
</div>
`;
