// Jest Snapshot v1, https://goo.gl/fbAQLP

exports[`ArchivedFiles Component should match snapshot 1`] = `
<div>
  <WithStyles(Paper)>
    <Connect(WithStyles(UploadFiles)) />
    <WithStyles(PerformanceReviewTable)
      columnDefinition={
        Array [
          Object {
            "label": "Mitarbeiter",
            "numeric": false,
            "render": [Function],
            "sortValue": [Function],
          },
          Object {
            "label": "Datum",
            "numeric": true,
            "render": [Function],
            "sortValue": [Function],
          },
          Object {
            "label": "Dateinamen",
            "numeric": false,
            "render": [Function],
            "sortValue": [Function],
          },
          Object {
            "label": "Download",
            "numeric": false,
            "render": [Function],
            "sortValue": [Function],
          },
        ]
      }
      data={
        Array [
          Object {
            "date": "2017-11-11",
            "fileName": "20171111_test.pr.mitarbeiter1.xlsx",
            "firstName": "Michaela",
            "id": 15,
            "lastName": "Mitarbeiterin",
            "url": "https://url_15.com",
          },
          Object {
            "date": "2017-02-10",
            "fileName": "20170210_fmartin.xlsx",
            "firstName": "Frederik",
            "id": 24,
            "lastName": "Martin",
            "url": "https://url_24.com",
          },
        ]
      }
      orderBy={1}
    />
  </WithStyles(Paper)>
</div>
`;
