// Jest Snapshot v1, https://goo.gl/fbAQLP

exports[`DownloadFile Component should match snapshot 1`] = `
<IconButton
  classes={
    Object {
      "colorInherit": "MuiIconButton-colorInherit-2",
      "colorPrimary": "MuiIconButton-colorPrimary-3",
      "colorSecondary": "MuiIconButton-colorSecondary-4",
      "disabled": "MuiIconButton-disabled-5",
      "label": "MuiIconButton-label-6",
      "root": "MuiIconButton-root-1",
    }
  }
  color="default"
  disabled={false}
  onClick={[Function]}
>
  <WithStyles(Icon)>
    get_app
  </WithStyles(Icon)>
</IconButton>
`;

exports[`DownloadFile Component should match snapshot if file is downloaded 1`] = `
<IconButton
  classes={
    Object {
      "colorInherit": "MuiIconButton-colorInherit-2",
      "colorPrimary": "MuiIconButton-colorPrimary-3",
      "colorSecondary": "MuiIconButton-colorSecondary-4",
      "disabled": "MuiIconButton-disabled-5",
      "label": "MuiIconButton-label-6",
      "root": "MuiIconButton-root-1",
    }
  }
  color="default"
  disabled={false}
  onClick={[Function]}
>
  <WithStyles(Icon)>
    get_app
  </WithStyles(Icon)>
</IconButton>
`;
